<html>
<body>
<pre>
<h1>µVision Build Log</h1>
<h2>Tool Versions:</h2>
IDE-Version: ¦ÌVision V5.38.0.0
Copyright (C) 2022 ARM Ltd and ARM Germany GmbH. All rights reserved.
License Information: 1 8613413392498, 1, LIC=DSNXV-PEWJ4-PHB89-4SY27-LV2YB-M31EI
 
Tool Versions:
Toolchain:       MDK-ARM Professional  Version: 5.38.0.0
Toolchain Path:  D:\tiedan\Keil_v5\ARM\ARMCLANG\Bin
C Compiler:      ArmClang.exe V6.19
Assembler:       Armasm.exe V6.19
Linker/Locator:  ArmLink.exe V6.19
Library Manager: ArmAr.exe V6.19
Hex Converter:   FromElf.exe V6.19
CPU DLL:         SARMCM3.DLL V5.38.0.0
Dialog DLL:      DARMCM1.DLL V1.19.6.0
Target DLL:      STLink\ST-LINKIII-KEIL_SWO.dll V3.1.0.0
Dialog DLL:      TARMCM1.DLL V1.14.6.0
 
<h2>Project:</h2>
Z:\bdc\Homogenizer-Proj\Proj\MDK-ARM\Project.uvprojx
Project File Date:  04/18/2026

<h2>Output:</h2>
*** Using Compiler 'V6.19', folder: 'D:\tiedan\Keil_v5\ARM\ARMCLANG\Bin'
Rebuild target 'Proj'
assembling KEIL_Startup_hk32f0301mxxc.s...
compiling system_hk32f0301mxxc.c...
compiling hk32f0301mxxc_crc.c...
compiling hk32f0301mxxc_awut.c...
compiling hk32f0301mxxc_it.c...
compiling hk32f0301mxxc_adc.c...
compiling hk32f0301mxxc_dbgmcu.c...
compiling main.c...
compiling hk32f0301mxxc_exti.c...
compiling hk32f0301mxxc_iwdg.c...
compiling hk32f0301mxxc_pwr.c...
compiling hk32f0301mxxc_misc.c...
compiling hk32f0301mxxc_gpio.c...
compiling hk32f0301mxxc_i2c.c...
compiling hk32f0301mxxc_flash.c...
compiling hk32f0301mxxc_syscfg.c...
compiling hk32f0301mxxc_wwdg.c...
compiling hk32f0301mxxc_spi.c...
compiling hk32f0301mxxc_rcc.c...
compiling hk32f0301mxxc_uart.c...
compiling hk32f0301mxxc_tim.c...
compiling hk32f0301mf4p7c_eval.c...
compiling hk32f0301mf4p7c_eval_i2c_ee.c...
compiling hk32f0301mf4p7c_eval_spi_flash.c...
linking...
Program Size: Code=7432 RO-data=824 RW-data=80 ZI-data=560  
FromELF: creating hex file...
".\Objects\Project.axf" - 0 Error(s), 0 Warning(s).

<h2>Software Packages used:</h2>

Package Vendor: HKMicroChip
                http://www.hsxp-hk.com/companyfile/2/HKMicroChip.HK32F030xMxx_DFP.1.0.23.pack
                HKMicroChip.HK32F030xMxx_DFP.1.0.23
                HKMicroChip HK32F030xMxx ARM Cortex-M0 Device Family Pack Device Support

<h2>Collection of Component include folders:</h2>

<h2>Collection of Component Files used:</h2>
Build Time Elapsed:  00:00:13
</pre>
</body>
</html>
