<!doctype html public "-//w3c//dtd html 4.0 transitional//en">
<html><head>
<title>Static Call Graph - [.\Objects\Project.axf]</title></head>
<body><HR>
<H1>Static Call Graph for image .\Objects\Project.axf</H1><HR>
<BR><P>#&#060CALLGRAPH&#062# ARM Linker, 6190004: Last Updated: Sat Apr 18 23:10:59 2026
<BR><P>
<H3>Maximum Stack Usage =        184 bytes + Unknown(Cycles, Untraceable Function Pointers)</H3><H3>
Call chain for Maximum Stack Depth:</H3>
main &rArr; HK_EVAL_COMInit &rArr; UART_Init &rArr; RCC_GetClocksFreq &rArr; __aeabi_uidiv
<P>
<H3>
Mutually Recursive functions
</H3> <LI><a href="#[11]">ADC1_IRQHandler</a>&nbsp;&nbsp;&nbsp;&rArr;&nbsp;&nbsp;&nbsp;<a href="#[11]">ADC1_IRQHandler</a><BR>
 <LI><a href="#[2]">HardFault_Handler</a>&nbsp;&nbsp;&nbsp;&rArr;&nbsp;&nbsp;&nbsp;<a href="#[2]">HardFault_Handler</a><BR>
</UL>
<P>
<H3>
Function Pointers
</H3><UL>
 <LI><a href="#[11]">ADC1_IRQHandler</a> from keil_startup_hk32f0301mxxc.o(.text) referenced from keil_startup_hk32f0301mxxc.o(RESET)
 <LI><a href="#[a]">EXTI0_IRQHandler</a> from keil_startup_hk32f0301mxxc.o(.text) referenced from keil_startup_hk32f0301mxxc.o(RESET)
 <LI><a href="#[7]">EXTI11_IRQHandler</a> from keil_startup_hk32f0301mxxc.o(.text) referenced from keil_startup_hk32f0301mxxc.o(RESET)
 <LI><a href="#[b]">EXTI1_IRQHandler</a> from keil_startup_hk32f0301mxxc.o(.text) referenced from keil_startup_hk32f0301mxxc.o(RESET)
 <LI><a href="#[c]">EXTI2_IRQHandler</a> from keil_startup_hk32f0301mxxc.o(.text) referenced from keil_startup_hk32f0301mxxc.o(RESET)
 <LI><a href="#[d]">EXTI3_IRQHandler</a> from keil_startup_hk32f0301mxxc.o(.text) referenced from keil_startup_hk32f0301mxxc.o(RESET)
 <LI><a href="#[e]">EXTI4_IRQHandler</a> from keil_startup_hk32f0301mxxc.o(.text) referenced from keil_startup_hk32f0301mxxc.o(RESET)
 <LI><a href="#[f]">EXTI5_IRQHandler</a> from keil_startup_hk32f0301mxxc.o(.text) referenced from keil_startup_hk32f0301mxxc.o(RESET)
 <LI><a href="#[16]">EXTI6_IRQHandler</a> from keil_startup_hk32f0301mxxc.o(.text) referenced from keil_startup_hk32f0301mxxc.o(RESET)
 <LI><a href="#[17]">EXTI7_IRQHandler</a> from keil_startup_hk32f0301mxxc.o(.text) referenced from keil_startup_hk32f0301mxxc.o(RESET)
 <LI><a href="#[8]">FLASH_IRQHandler</a> from keil_startup_hk32f0301mxxc.o(.text) referenced from keil_startup_hk32f0301mxxc.o(RESET)
 <LI><a href="#[2]">HardFault_Handler</a> from hk32f0301mxxc_it.o(.text.HardFault_Handler) referenced from keil_startup_hk32f0301mxxc.o(RESET)
 <LI><a href="#[18]">I2C1_IRQHandler</a> from keil_startup_hk32f0301mxxc.o(.text) referenced from keil_startup_hk32f0301mxxc.o(RESET)
 <LI><a href="#[1]">NMI_Handler</a> from hk32f0301mxxc_it.o(.text.NMI_Handler) referenced from keil_startup_hk32f0301mxxc.o(RESET)
 <LI><a href="#[4]">PendSV_Handler</a> from hk32f0301mxxc_it.o(.text.PendSV_Handler) referenced from keil_startup_hk32f0301mxxc.o(RESET)
 <LI><a href="#[9]">RCC_IRQHandler</a> from keil_startup_hk32f0301mxxc.o(.text) referenced from keil_startup_hk32f0301mxxc.o(RESET)
 <LI><a href="#[0]">Reset_Handler</a> from keil_startup_hk32f0301mxxc.o(.text) referenced from keil_startup_hk32f0301mxxc.o(RESET)
 <LI><a href="#[19]">SPI1_IRQHandler</a> from keil_startup_hk32f0301mxxc.o(.text) referenced from keil_startup_hk32f0301mxxc.o(RESET)
 <LI><a href="#[3]">SVC_Handler</a> from hk32f0301mxxc_it.o(.text.SVC_Handler) referenced from keil_startup_hk32f0301mxxc.o(RESET)
 <LI><a href="#[5]">SysTick_Handler</a> from main.o(.text.SysTick_Handler) referenced from keil_startup_hk32f0301mxxc.o(RESET)
 <LI><a href="#[1d]">SystemInit</a> from system_hk32f0301mxxc.o(.text.SystemInit) referenced from keil_startup_hk32f0301mxxc.o(.text)
 <LI><a href="#[10]">TIM1_BRK_IRQHandler</a> from keil_startup_hk32f0301mxxc.o(.text) referenced from keil_startup_hk32f0301mxxc.o(RESET)
 <LI><a href="#[13]">TIM1_CC_IRQHandler</a> from keil_startup_hk32f0301mxxc.o(.text) referenced from keil_startup_hk32f0301mxxc.o(RESET)
 <LI><a href="#[12]">TIM1_UP_TRG_COM_IRQHandler</a> from keil_startup_hk32f0301mxxc.o(.text) referenced from keil_startup_hk32f0301mxxc.o(RESET)
 <LI><a href="#[14]">TIM2_IRQHandler</a> from keil_startup_hk32f0301mxxc.o(.text) referenced from keil_startup_hk32f0301mxxc.o(RESET)
 <LI><a href="#[15]">TIM6_IRQHandler</a> from keil_startup_hk32f0301mxxc.o(.text) referenced from keil_startup_hk32f0301mxxc.o(RESET)
 <LI><a href="#[21]">Task_App</a> from main.o(.text.Task_App) referenced from main.o(.data..L_MergedGlobals)
 <LI><a href="#[20]">Task_Encoder</a> from main.o(.text.Task_Encoder) referenced from main.o(.data..L_MergedGlobals)
 <LI><a href="#[25]">Task_Idle</a> from main.o(.text.Task_Idle) referenced from main.o(.data..L_MergedGlobals)
 <LI><a href="#[22]">Task_PWM</a> from main.o(.text.Task_PWM) referenced from main.o(.data..L_MergedGlobals)
 <LI><a href="#[23]">Task_Print</a> from main.o(.text.Task_Print) referenced from main.o(.data..L_MergedGlobals)
 <LI><a href="#[24]">Task_TM1729</a> from main.o(.text.Task_TM1729) referenced from main.o(.data..L_MergedGlobals)
 <LI><a href="#[1a]">UART1_IRQHandler</a> from keil_startup_hk32f0301mxxc.o(.text) referenced from keil_startup_hk32f0301mxxc.o(RESET)
 <LI><a href="#[1b]">UART2_IRQHandler</a> from keil_startup_hk32f0301mxxc.o(.text) referenced from keil_startup_hk32f0301mxxc.o(RESET)
 <LI><a href="#[6]">WWDG_IRQHandler</a> from keil_startup_hk32f0301mxxc.o(.text) referenced from keil_startup_hk32f0301mxxc.o(RESET)
 <LI><a href="#[1e]">__main</a> from entry.o(.ARM.Collect$$$$00000000) referenced from keil_startup_hk32f0301mxxc.o(.text)
 <LI><a href="#[1f]">fputc</a> from main.o(.text.fputc) referenced from printf6.o(i.__0printf$6)
 <LI><a href="#[1c]">main</a> from main.o(.text.main) referenced from entry9a.o(.ARM.Collect$$$$0000000B)
</UL>
<P>
<H3>
Global Symbols
</H3>
<P><STRONG><a name="[1e]"></a>__main</STRONG> (Thumb, 0 bytes, Stack size unknown bytes, entry.o(.ARM.Collect$$$$00000000))
<BR>[Address Reference Count : 1]<UL><LI> keil_startup_hk32f0301mxxc.o(.text)
</UL>
<P><STRONG><a name="[4e]"></a>_main_stk</STRONG> (Thumb, 0 bytes, Stack size unknown bytes, entry2.o(.ARM.Collect$$$$00000001))

<P><STRONG><a name="[26]"></a>_main_scatterload</STRONG> (Thumb, 0 bytes, Stack size unknown bytes, entry5.o(.ARM.Collect$$$$00000004))
<BR><BR>[Calls]<UL><LI><a href="#[27]">&gt;&gt;</a>&nbsp;&nbsp;&nbsp;__scatterload
</UL>

<P><STRONG><a name="[2b]"></a>__main_after_scatterload</STRONG> (Thumb, 0 bytes, Stack size unknown bytes, entry5.o(.ARM.Collect$$$$00000004))
<BR><BR>[Called By]<UL><LI><a href="#[27]">&gt;&gt;</a>&nbsp;&nbsp;&nbsp;__scatterload
</UL>

<P><STRONG><a name="[4f]"></a>_main_clock</STRONG> (Thumb, 0 bytes, Stack size unknown bytes, entry7b.o(.ARM.Collect$$$$00000008))

<P><STRONG><a name="[50]"></a>_main_cpp_init</STRONG> (Thumb, 0 bytes, Stack size unknown bytes, entry8b.o(.ARM.Collect$$$$0000000A))

<P><STRONG><a name="[51]"></a>_main_init</STRONG> (Thumb, 0 bytes, Stack size unknown bytes, entry9a.o(.ARM.Collect$$$$0000000B))

<P><STRONG><a name="[52]"></a>__rt_final_cpp</STRONG> (Thumb, 0 bytes, Stack size unknown bytes, entry10a.o(.ARM.Collect$$$$0000000D))

<P><STRONG><a name="[53]"></a>__rt_final_exit</STRONG> (Thumb, 0 bytes, Stack size unknown bytes, entry11a.o(.ARM.Collect$$$$0000000F))

<P><STRONG><a name="[0]"></a>Reset_Handler</STRONG> (Thumb, 8 bytes, Stack size 0 bytes, keil_startup_hk32f0301mxxc.o(.text))
<BR>[Address Reference Count : 1]<UL><LI> keil_startup_hk32f0301mxxc.o(RESET)
</UL>
<P><STRONG><a name="[11]"></a>ADC1_IRQHandler</STRONG> (Thumb, 0 bytes, Stack size 0 bytes, keil_startup_hk32f0301mxxc.o(.text))
<BR><BR>[Calls]<UL><LI><a href="#[11]">&gt;&gt;</a>&nbsp;&nbsp;&nbsp;ADC1_IRQHandler
</UL>
<BR>[Called By]<UL><LI><a href="#[11]">&gt;&gt;</a>&nbsp;&nbsp;&nbsp;ADC1_IRQHandler
</UL>
<BR>[Address Reference Count : 1]<UL><LI> keil_startup_hk32f0301mxxc.o(RESET)
</UL>
<P><STRONG><a name="[a]"></a>EXTI0_IRQHandler</STRONG> (Thumb, 0 bytes, Stack size 0 bytes, keil_startup_hk32f0301mxxc.o(.text))
<BR>[Address Reference Count : 1]<UL><LI> keil_startup_hk32f0301mxxc.o(RESET)
</UL>
<P><STRONG><a name="[7]"></a>EXTI11_IRQHandler</STRONG> (Thumb, 0 bytes, Stack size 0 bytes, keil_startup_hk32f0301mxxc.o(.text))
<BR>[Address Reference Count : 1]<UL><LI> keil_startup_hk32f0301mxxc.o(RESET)
</UL>
<P><STRONG><a name="[b]"></a>EXTI1_IRQHandler</STRONG> (Thumb, 0 bytes, Stack size 0 bytes, keil_startup_hk32f0301mxxc.o(.text))
<BR>[Address Reference Count : 1]<UL><LI> keil_startup_hk32f0301mxxc.o(RESET)
</UL>
<P><STRONG><a name="[c]"></a>EXTI2_IRQHandler</STRONG> (Thumb, 0 bytes, Stack size 0 bytes, keil_startup_hk32f0301mxxc.o(.text))
<BR>[Address Reference Count : 1]<UL><LI> keil_startup_hk32f0301mxxc.o(RESET)
</UL>
<P><STRONG><a name="[d]"></a>EXTI3_IRQHandler</STRONG> (Thumb, 0 bytes, Stack size 0 bytes, keil_startup_hk32f0301mxxc.o(.text))
<BR>[Address Reference Count : 1]<UL><LI> keil_startup_hk32f0301mxxc.o(RESET)
</UL>
<P><STRONG><a name="[e]"></a>EXTI4_IRQHandler</STRONG> (Thumb, 0 bytes, Stack size 0 bytes, keil_startup_hk32f0301mxxc.o(.text))
<BR>[Address Reference Count : 1]<UL><LI> keil_startup_hk32f0301mxxc.o(RESET)
</UL>
<P><STRONG><a name="[f]"></a>EXTI5_IRQHandler</STRONG> (Thumb, 0 bytes, Stack size 0 bytes, keil_startup_hk32f0301mxxc.o(.text))
<BR>[Address Reference Count : 1]<UL><LI> keil_startup_hk32f0301mxxc.o(RESET)
</UL>
<P><STRONG><a name="[16]"></a>EXTI6_IRQHandler</STRONG> (Thumb, 0 bytes, Stack size 0 bytes, keil_startup_hk32f0301mxxc.o(.text))
<BR>[Address Reference Count : 1]<UL><LI> keil_startup_hk32f0301mxxc.o(RESET)
</UL>
<P><STRONG><a name="[17]"></a>EXTI7_IRQHandler</STRONG> (Thumb, 0 bytes, Stack size 0 bytes, keil_startup_hk32f0301mxxc.o(.text))
<BR>[Address Reference Count : 1]<UL><LI> keil_startup_hk32f0301mxxc.o(RESET)
</UL>
<P><STRONG><a name="[8]"></a>FLASH_IRQHandler</STRONG> (Thumb, 0 bytes, Stack size 0 bytes, keil_startup_hk32f0301mxxc.o(.text))
<BR>[Address Reference Count : 1]<UL><LI> keil_startup_hk32f0301mxxc.o(RESET)
</UL>
<P><STRONG><a name="[18]"></a>I2C1_IRQHandler</STRONG> (Thumb, 0 bytes, Stack size 0 bytes, keil_startup_hk32f0301mxxc.o(.text))
<BR>[Address Reference Count : 1]<UL><LI> keil_startup_hk32f0301mxxc.o(RESET)
</UL>
<P><STRONG><a name="[9]"></a>RCC_IRQHandler</STRONG> (Thumb, 0 bytes, Stack size 0 bytes, keil_startup_hk32f0301mxxc.o(.text))
<BR>[Address Reference Count : 1]<UL><LI> keil_startup_hk32f0301mxxc.o(RESET)
</UL>
<P><STRONG><a name="[19]"></a>SPI1_IRQHandler</STRONG> (Thumb, 0 bytes, Stack size 0 bytes, keil_startup_hk32f0301mxxc.o(.text))
<BR>[Address Reference Count : 1]<UL><LI> keil_startup_hk32f0301mxxc.o(RESET)
</UL>
<P><STRONG><a name="[10]"></a>TIM1_BRK_IRQHandler</STRONG> (Thumb, 0 bytes, Stack size 0 bytes, keil_startup_hk32f0301mxxc.o(.text))
<BR>[Address Reference Count : 1]<UL><LI> keil_startup_hk32f0301mxxc.o(RESET)
</UL>
<P><STRONG><a name="[13]"></a>TIM1_CC_IRQHandler</STRONG> (Thumb, 0 bytes, Stack size 0 bytes, keil_startup_hk32f0301mxxc.o(.text))
<BR>[Address Reference Count : 1]<UL><LI> keil_startup_hk32f0301mxxc.o(RESET)
</UL>
<P><STRONG><a name="[12]"></a>TIM1_UP_TRG_COM_IRQHandler</STRONG> (Thumb, 0 bytes, Stack size 0 bytes, keil_startup_hk32f0301mxxc.o(.text))
<BR>[Address Reference Count : 1]<UL><LI> keil_startup_hk32f0301mxxc.o(RESET)
</UL>
<P><STRONG><a name="[14]"></a>TIM2_IRQHandler</STRONG> (Thumb, 0 bytes, Stack size 0 bytes, keil_startup_hk32f0301mxxc.o(.text))
<BR>[Address Reference Count : 1]<UL><LI> keil_startup_hk32f0301mxxc.o(RESET)
</UL>
<P><STRONG><a name="[15]"></a>TIM6_IRQHandler</STRONG> (Thumb, 0 bytes, Stack size 0 bytes, keil_startup_hk32f0301mxxc.o(.text))
<BR>[Address Reference Count : 1]<UL><LI> keil_startup_hk32f0301mxxc.o(RESET)
</UL>
<P><STRONG><a name="[1a]"></a>UART1_IRQHandler</STRONG> (Thumb, 0 bytes, Stack size 0 bytes, keil_startup_hk32f0301mxxc.o(.text))
<BR>[Address Reference Count : 1]<UL><LI> keil_startup_hk32f0301mxxc.o(RESET)
</UL>
<P><STRONG><a name="[1b]"></a>UART2_IRQHandler</STRONG> (Thumb, 0 bytes, Stack size 0 bytes, keil_startup_hk32f0301mxxc.o(.text))
<BR>[Address Reference Count : 1]<UL><LI> keil_startup_hk32f0301mxxc.o(RESET)
</UL>
<P><STRONG><a name="[54]"></a>UART3_IRQHandler</STRONG> (Thumb, 0 bytes, Stack size 0 bytes, keil_startup_hk32f0301mxxc.o(.text), UNUSED)

<P><STRONG><a name="[55]"></a>UART4_IRQHandler</STRONG> (Thumb, 0 bytes, Stack size 0 bytes, keil_startup_hk32f0301mxxc.o(.text), UNUSED)

<P><STRONG><a name="[6]"></a>WWDG_IRQHandler</STRONG> (Thumb, 0 bytes, Stack size 0 bytes, keil_startup_hk32f0301mxxc.o(.text))
<BR>[Address Reference Count : 1]<UL><LI> keil_startup_hk32f0301mxxc.o(RESET)
</UL>
<P><STRONG><a name="[29]"></a>__aeabi_memset</STRONG> (Thumb, 14 bytes, Stack size 0 bytes, memseta.o(.text))
<BR><BR>[Called By]<UL><LI><a href="#[2a]">&gt;&gt;</a>&nbsp;&nbsp;&nbsp;_memset$wrapper
<LI><a href="#[28]">&gt;&gt;</a>&nbsp;&nbsp;&nbsp;__aeabi_memclr
</UL>

<P><STRONG><a name="[56]"></a>__aeabi_memset4</STRONG> (Thumb, 0 bytes, Stack size 0 bytes, memseta.o(.text), UNUSED)

<P><STRONG><a name="[57]"></a>__aeabi_memset8</STRONG> (Thumb, 0 bytes, Stack size 0 bytes, memseta.o(.text), UNUSED)

<P><STRONG><a name="[28]"></a>__aeabi_memclr</STRONG> (Thumb, 4 bytes, Stack size 0 bytes, memseta.o(.text))
<BR><BR>[Calls]<UL><LI><a href="#[29]">&gt;&gt;</a>&nbsp;&nbsp;&nbsp;__aeabi_memset
</UL>
<BR>[Called By]<UL><LI><a href="#[1c]">&gt;&gt;</a>&nbsp;&nbsp;&nbsp;main
</UL>

<P><STRONG><a name="[58]"></a>__aeabi_memclr4</STRONG> (Thumb, 0 bytes, Stack size 0 bytes, memseta.o(.text), UNUSED)

<P><STRONG><a name="[59]"></a>__aeabi_memclr8</STRONG> (Thumb, 0 bytes, Stack size 0 bytes, memseta.o(.text), UNUSED)

<P><STRONG><a name="[2a]"></a>_memset$wrapper</STRONG> (Thumb, 18 bytes, Stack size 8 bytes, memseta.o(.text), UNUSED)
<BR><BR>[Calls]<UL><LI><a href="#[29]">&gt;&gt;</a>&nbsp;&nbsp;&nbsp;__aeabi_memset
</UL>

<P><STRONG><a name="[34]"></a>__aeabi_uidiv</STRONG> (Thumb, 0 bytes, Stack size 16 bytes, uidiv_div0.o(.text))
<BR><BR>[Stack]<UL><LI>Max Depth = 16<LI>Call Chain = __aeabi_uidiv
</UL>
<BR>[Called By]<UL><LI><a href="#[33]">&gt;&gt;</a>&nbsp;&nbsp;&nbsp;RCC_GetClocksFreq
<LI><a href="#[1c]">&gt;&gt;</a>&nbsp;&nbsp;&nbsp;main
<LI><a href="#[22]">&gt;&gt;</a>&nbsp;&nbsp;&nbsp;Task_PWM
<LI><a href="#[31]">&gt;&gt;</a>&nbsp;&nbsp;&nbsp;UART_Init
</UL>

<P><STRONG><a name="[4d]"></a>__aeabi_uidivmod</STRONG> (Thumb, 62 bytes, Stack size 16 bytes, uidiv_div0.o(.text), UNUSED)
<BR><BR>[Called By]<UL><LI><a href="#[4a]">&gt;&gt;</a>&nbsp;&nbsp;&nbsp;_printf_core
</UL>

<P><STRONG><a name="[27]"></a>__scatterload</STRONG> (Thumb, 28 bytes, Stack size 0 bytes, init.o(.text))
<BR><BR>[Calls]<UL><LI><a href="#[2b]">&gt;&gt;</a>&nbsp;&nbsp;&nbsp;__main_after_scatterload
</UL>
<BR>[Called By]<UL><LI><a href="#[26]">&gt;&gt;</a>&nbsp;&nbsp;&nbsp;_main_scatterload
</UL>

<P><STRONG><a name="[5a]"></a>__scatterload_rt2</STRONG> (Thumb, 0 bytes, Stack size 0 bytes, init.o(.text), UNUSED)

<P><STRONG><a name="[42]"></a>GPIO_IOMUX_ChangePin</STRONG> (Thumb, 104 bytes, Stack size 8 bytes, hk32f0301mxxc_gpio.o(.text.GPIO_IOMUX_ChangePin))
<BR><BR>[Stack]<UL><LI>Max Depth = 8<LI>Call Chain = GPIO_IOMUX_ChangePin
</UL>
<BR>[Called By]<UL><LI><a href="#[1c]">&gt;&gt;</a>&nbsp;&nbsp;&nbsp;main
</UL>

<P><STRONG><a name="[30]"></a>GPIO_Init</STRONG> (Thumb, 264 bytes, Stack size 32 bytes, hk32f0301mxxc_gpio.o(.text.GPIO_Init))
<BR><BR>[Stack]<UL><LI>Max Depth = 32<LI>Call Chain = GPIO_Init
</UL>
<BR>[Called By]<UL><LI><a href="#[2c]">&gt;&gt;</a>&nbsp;&nbsp;&nbsp;HK_EVAL_COMInit
<LI><a href="#[1c]">&gt;&gt;</a>&nbsp;&nbsp;&nbsp;main
</UL>

<P><STRONG><a name="[2f]"></a>GPIO_PinAFConfig</STRONG> (Thumb, 26 bytes, Stack size 8 bytes, hk32f0301mxxc_gpio.o(.text.GPIO_PinAFConfig))
<BR><BR>[Stack]<UL><LI>Max Depth = 8<LI>Call Chain = GPIO_PinAFConfig
</UL>
<BR>[Called By]<UL><LI><a href="#[2c]">&gt;&gt;</a>&nbsp;&nbsp;&nbsp;HK_EVAL_COMInit
<LI><a href="#[1c]">&gt;&gt;</a>&nbsp;&nbsp;&nbsp;main
</UL>

<P><STRONG><a name="[3c]"></a>GPIO_ReadInputDataBit</STRONG> (Thumb, 10 bytes, Stack size 0 bytes, hk32f0301mxxc_gpio.o(.text.GPIO_ReadInputDataBit))
<BR><BR>[Called By]<UL><LI><a href="#[20]">&gt;&gt;</a>&nbsp;&nbsp;&nbsp;Task_Encoder
</UL>

<P><STRONG><a name="[36]"></a>GPIO_WriteBit</STRONG> (Thumb, 16 bytes, Stack size 0 bytes, hk32f0301mxxc_gpio.o(.text.GPIO_WriteBit))
<BR><BR>[Called By]<UL><LI><a href="#[35]">&gt;&gt;</a>&nbsp;&nbsp;&nbsp;TM1729_SendByte
<LI><a href="#[39]">&gt;&gt;</a>&nbsp;&nbsp;&nbsp;TM1729_Start
<LI><a href="#[3a]">&gt;&gt;</a>&nbsp;&nbsp;&nbsp;TM1729_Stop
</UL>

<P><STRONG><a name="[2c]"></a>HK_EVAL_COMInit</STRONG> (Thumb, 108 bytes, Stack size 40 bytes, hk32f0301mf4p7c_eval.o(.text.HK_EVAL_COMInit))
<BR><BR>[Stack]<UL><LI>Max Depth = 128<LI>Call Chain = HK_EVAL_COMInit &rArr; UART_Init &rArr; RCC_GetClocksFreq &rArr; __aeabi_uidiv
</UL>
<BR>[Calls]<UL><LI><a href="#[2f]">&gt;&gt;</a>&nbsp;&nbsp;&nbsp;GPIO_PinAFConfig
<LI><a href="#[30]">&gt;&gt;</a>&nbsp;&nbsp;&nbsp;GPIO_Init
<LI><a href="#[2d]">&gt;&gt;</a>&nbsp;&nbsp;&nbsp;RCC_AHBPeriphClockCmd
<LI><a href="#[2e]">&gt;&gt;</a>&nbsp;&nbsp;&nbsp;RCC_APBPeriph2ClockCmd
<LI><a href="#[32]">&gt;&gt;</a>&nbsp;&nbsp;&nbsp;UART_Cmd
<LI><a href="#[31]">&gt;&gt;</a>&nbsp;&nbsp;&nbsp;UART_Init
</UL>
<BR>[Called By]<UL><LI><a href="#[1c]">&gt;&gt;</a>&nbsp;&nbsp;&nbsp;main
</UL>

<P><STRONG><a name="[2]"></a>HardFault_Handler</STRONG> (Thumb, 2 bytes, Stack size 0 bytes, hk32f0301mxxc_it.o(.text.HardFault_Handler))
<BR><BR>[Calls]<UL><LI><a href="#[2]">&gt;&gt;</a>&nbsp;&nbsp;&nbsp;HardFault_Handler
</UL>
<BR>[Called By]<UL><LI><a href="#[2]">&gt;&gt;</a>&nbsp;&nbsp;&nbsp;HardFault_Handler
</UL>
<BR>[Address Reference Count : 1]<UL><LI> keil_startup_hk32f0301mxxc.o(RESET)
</UL>
<P><STRONG><a name="[1]"></a>NMI_Handler</STRONG> (Thumb, 2 bytes, Stack size 0 bytes, hk32f0301mxxc_it.o(.text.NMI_Handler))
<BR>[Address Reference Count : 1]<UL><LI> keil_startup_hk32f0301mxxc.o(RESET)
</UL>
<P><STRONG><a name="[4]"></a>PendSV_Handler</STRONG> (Thumb, 2 bytes, Stack size 0 bytes, hk32f0301mxxc_it.o(.text.PendSV_Handler))
<BR>[Address Reference Count : 1]<UL><LI> keil_startup_hk32f0301mxxc.o(RESET)
</UL>
<P><STRONG><a name="[2d]"></a>RCC_AHBPeriphClockCmd</STRONG> (Thumb, 24 bytes, Stack size 0 bytes, hk32f0301mxxc_rcc.o(.text.RCC_AHBPeriphClockCmd))
<BR><BR>[Called By]<UL><LI><a href="#[2c]">&gt;&gt;</a>&nbsp;&nbsp;&nbsp;HK_EVAL_COMInit
<LI><a href="#[1c]">&gt;&gt;</a>&nbsp;&nbsp;&nbsp;main
</UL>

<P><STRONG><a name="[2e]"></a>RCC_APBPeriph2ClockCmd</STRONG> (Thumb, 24 bytes, Stack size 0 bytes, hk32f0301mxxc_rcc.o(.text.RCC_APBPeriph2ClockCmd))
<BR><BR>[Called By]<UL><LI><a href="#[2c]">&gt;&gt;</a>&nbsp;&nbsp;&nbsp;HK_EVAL_COMInit
<LI><a href="#[1c]">&gt;&gt;</a>&nbsp;&nbsp;&nbsp;main
</UL>

<P><STRONG><a name="[33]"></a>RCC_GetClocksFreq</STRONG> (Thumb, 264 bytes, Stack size 24 bytes, hk32f0301mxxc_rcc.o(.text.RCC_GetClocksFreq))
<BR><BR>[Stack]<UL><LI>Max Depth = 40<LI>Call Chain = RCC_GetClocksFreq &rArr; __aeabi_uidiv
</UL>
<BR>[Calls]<UL><LI><a href="#[34]">&gt;&gt;</a>&nbsp;&nbsp;&nbsp;__aeabi_uidiv
</UL>
<BR>[Called By]<UL><LI><a href="#[31]">&gt;&gt;</a>&nbsp;&nbsp;&nbsp;UART_Init
</UL>

<P><STRONG><a name="[3]"></a>SVC_Handler</STRONG> (Thumb, 2 bytes, Stack size 0 bytes, hk32f0301mxxc_it.o(.text.SVC_Handler))
<BR>[Address Reference Count : 1]<UL><LI> keil_startup_hk32f0301mxxc.o(RESET)
</UL>
<P><STRONG><a name="[5]"></a>SysTick_Handler</STRONG> (Thumb, 76 bytes, Stack size 0 bytes, main.o(.text.SysTick_Handler))
<BR>[Address Reference Count : 1]<UL><LI> keil_startup_hk32f0301mxxc.o(RESET)
</UL>
<P><STRONG><a name="[1d]"></a>SystemInit</STRONG> (Thumb, 364 bytes, Stack size 56 bytes, system_hk32f0301mxxc.o(.text.SystemInit))
<BR><BR>[Stack]<UL><LI>Max Depth = 56<LI>Call Chain = SystemInit
</UL>
<BR>[Address Reference Count : 1]<UL><LI> keil_startup_hk32f0301mxxc.o(.text)
</UL>
<P><STRONG><a name="[46]"></a>TIM_ARRPreloadConfig</STRONG> (Thumb, 24 bytes, Stack size 0 bytes, hk32f0301mxxc_tim.o(.text.TIM_ARRPreloadConfig))
<BR><BR>[Called By]<UL><LI><a href="#[1c]">&gt;&gt;</a>&nbsp;&nbsp;&nbsp;main
</UL>

<P><STRONG><a name="[47]"></a>TIM_Cmd</STRONG> (Thumb, 24 bytes, Stack size 0 bytes, hk32f0301mxxc_tim.o(.text.TIM_Cmd))
<BR><BR>[Called By]<UL><LI><a href="#[1c]">&gt;&gt;</a>&nbsp;&nbsp;&nbsp;main
</UL>

<P><STRONG><a name="[48]"></a>TIM_CtrlPWMOutputs</STRONG> (Thumb, 24 bytes, Stack size 0 bytes, hk32f0301mxxc_tim.o(.text.TIM_CtrlPWMOutputs))
<BR><BR>[Called By]<UL><LI><a href="#[1c]">&gt;&gt;</a>&nbsp;&nbsp;&nbsp;main
</UL>

<P><STRONG><a name="[3e]"></a>TIM_GenerateEvent</STRONG> (Thumb, 4 bytes, Stack size 0 bytes, hk32f0301mxxc_tim.o(.text.TIM_GenerateEvent))
<BR><BR>[Called By]<UL><LI><a href="#[22]">&gt;&gt;</a>&nbsp;&nbsp;&nbsp;Task_PWM
</UL>

<P><STRONG><a name="[44]"></a>TIM_OC2Init</STRONG> (Thumb, 108 bytes, Stack size 20 bytes, hk32f0301mxxc_tim.o(.text.TIM_OC2Init))
<BR><BR>[Stack]<UL><LI>Max Depth = 20<LI>Call Chain = TIM_OC2Init
</UL>
<BR>[Called By]<UL><LI><a href="#[1c]">&gt;&gt;</a>&nbsp;&nbsp;&nbsp;main
</UL>

<P><STRONG><a name="[45]"></a>TIM_OC2PreloadConfig</STRONG> (Thumb, 16 bytes, Stack size 0 bytes, hk32f0301mxxc_tim.o(.text.TIM_OC2PreloadConfig))
<BR><BR>[Called By]<UL><LI><a href="#[1c]">&gt;&gt;</a>&nbsp;&nbsp;&nbsp;main
</UL>

<P><STRONG><a name="[3d]"></a>TIM_SetCompare2</STRONG> (Thumb, 4 bytes, Stack size 0 bytes, hk32f0301mxxc_tim.o(.text.TIM_SetCompare2))
<BR><BR>[Called By]<UL><LI><a href="#[22]">&gt;&gt;</a>&nbsp;&nbsp;&nbsp;Task_PWM
</UL>

<P><STRONG><a name="[43]"></a>TIM_TimeBaseInit</STRONG> (Thumb, 96 bytes, Stack size 8 bytes, hk32f0301mxxc_tim.o(.text.TIM_TimeBaseInit))
<BR><BR>[Stack]<UL><LI>Max Depth = 8<LI>Call Chain = TIM_TimeBaseInit
</UL>
<BR>[Called By]<UL><LI><a href="#[1c]">&gt;&gt;</a>&nbsp;&nbsp;&nbsp;main
</UL>

<P><STRONG><a name="[32]"></a>UART_Cmd</STRONG> (Thumb, 16 bytes, Stack size 0 bytes, hk32f0301mxxc_uart.o(.text.UART_Cmd))
<BR><BR>[Called By]<UL><LI><a href="#[2c]">&gt;&gt;</a>&nbsp;&nbsp;&nbsp;HK_EVAL_COMInit
</UL>

<P><STRONG><a name="[41]"></a>UART_GetFlagStatus</STRONG> (Thumb, 10 bytes, Stack size 0 bytes, hk32f0301mxxc_uart.o(.text.UART_GetFlagStatus))
<BR><BR>[Called By]<UL><LI><a href="#[1f]">&gt;&gt;</a>&nbsp;&nbsp;&nbsp;fputc
<LI><a href="#[1c]">&gt;&gt;</a>&nbsp;&nbsp;&nbsp;main
</UL>

<P><STRONG><a name="[31]"></a>UART_Init</STRONG> (Thumb, 176 bytes, Stack size 48 bytes, hk32f0301mxxc_uart.o(.text.UART_Init))
<BR><BR>[Stack]<UL><LI>Max Depth = 88<LI>Call Chain = UART_Init &rArr; RCC_GetClocksFreq &rArr; __aeabi_uidiv
</UL>
<BR>[Calls]<UL><LI><a href="#[33]">&gt;&gt;</a>&nbsp;&nbsp;&nbsp;RCC_GetClocksFreq
<LI><a href="#[34]">&gt;&gt;</a>&nbsp;&nbsp;&nbsp;__aeabi_uidiv
</UL>
<BR>[Called By]<UL><LI><a href="#[2c]">&gt;&gt;</a>&nbsp;&nbsp;&nbsp;HK_EVAL_COMInit
</UL>

<P><STRONG><a name="[40]"></a>UART_SendData</STRONG> (Thumb, 8 bytes, Stack size 0 bytes, hk32f0301mxxc_uart.o(.text.UART_SendData))
<BR><BR>[Called By]<UL><LI><a href="#[1f]">&gt;&gt;</a>&nbsp;&nbsp;&nbsp;fputc
</UL>

<P><STRONG><a name="[1f]"></a>fputc</STRONG> (Thumb, 32 bytes, Stack size 16 bytes, main.o(.text.fputc))
<BR><BR>[Stack]<UL><LI>Max Depth = 16<LI>Call Chain = fputc
</UL>
<BR>[Calls]<UL><LI><a href="#[40]">&gt;&gt;</a>&nbsp;&nbsp;&nbsp;UART_SendData
<LI><a href="#[41]">&gt;&gt;</a>&nbsp;&nbsp;&nbsp;UART_GetFlagStatus
</UL>
<BR>[Address Reference Count : 1]<UL><LI> printf6.o(i.__0printf$6)
</UL>
<P><STRONG><a name="[1c]"></a>main</STRONG> (Thumb, 592 bytes, Stack size 56 bytes, main.o(.text.main))
<BR><BR>[Stack]<UL><LI>Max Depth = 184<LI>Call Chain = main &rArr; HK_EVAL_COMInit &rArr; UART_Init &rArr; RCC_GetClocksFreq &rArr; __aeabi_uidiv
</UL>
<BR>[Calls]<UL><LI><a href="#[41]">&gt;&gt;</a>&nbsp;&nbsp;&nbsp;UART_GetFlagStatus
<LI><a href="#[48]">&gt;&gt;</a>&nbsp;&nbsp;&nbsp;TIM_CtrlPWMOutputs
<LI><a href="#[47]">&gt;&gt;</a>&nbsp;&nbsp;&nbsp;TIM_Cmd
<LI><a href="#[46]">&gt;&gt;</a>&nbsp;&nbsp;&nbsp;TIM_ARRPreloadConfig
<LI><a href="#[45]">&gt;&gt;</a>&nbsp;&nbsp;&nbsp;TIM_OC2PreloadConfig
<LI><a href="#[44]">&gt;&gt;</a>&nbsp;&nbsp;&nbsp;TIM_OC2Init
<LI><a href="#[43]">&gt;&gt;</a>&nbsp;&nbsp;&nbsp;TIM_TimeBaseInit
<LI><a href="#[2f]">&gt;&gt;</a>&nbsp;&nbsp;&nbsp;GPIO_PinAFConfig
<LI><a href="#[30]">&gt;&gt;</a>&nbsp;&nbsp;&nbsp;GPIO_Init
<LI><a href="#[42]">&gt;&gt;</a>&nbsp;&nbsp;&nbsp;GPIO_IOMUX_ChangePin
<LI><a href="#[2d]">&gt;&gt;</a>&nbsp;&nbsp;&nbsp;RCC_AHBPeriphClockCmd
<LI><a href="#[2e]">&gt;&gt;</a>&nbsp;&nbsp;&nbsp;RCC_APBPeriph2ClockCmd
<LI><a href="#[2c]">&gt;&gt;</a>&nbsp;&nbsp;&nbsp;HK_EVAL_COMInit
<LI><a href="#[3b]">&gt;&gt;</a>&nbsp;&nbsp;&nbsp;TM1729_WriteBuffer
<LI><a href="#[35]">&gt;&gt;</a>&nbsp;&nbsp;&nbsp;TM1729_SendByte
<LI><a href="#[39]">&gt;&gt;</a>&nbsp;&nbsp;&nbsp;TM1729_Start
<LI><a href="#[3a]">&gt;&gt;</a>&nbsp;&nbsp;&nbsp;TM1729_Stop
<LI><a href="#[3f]">&gt;&gt;</a>&nbsp;&nbsp;&nbsp;__2printf
<LI><a href="#[28]">&gt;&gt;</a>&nbsp;&nbsp;&nbsp;__aeabi_memclr
<LI><a href="#[34]">&gt;&gt;</a>&nbsp;&nbsp;&nbsp;__aeabi_uidiv
</UL>
<BR>[Address Reference Count : 1]<UL><LI> entry9a.o(.ARM.Collect$$$$0000000B)
</UL>
<P><STRONG><a name="[49]"></a>__0printf$6</STRONG> (Thumb, 24 bytes, Stack size 24 bytes, printf6.o(i.__0printf$6), UNUSED)
<BR><BR>[Calls]<UL><LI><a href="#[4a]">&gt;&gt;</a>&nbsp;&nbsp;&nbsp;_printf_core
</UL>

<P><STRONG><a name="[5b]"></a>__1printf$6</STRONG> (Thumb, 0 bytes, Stack size 24 bytes, printf6.o(i.__0printf$6), UNUSED)

<P><STRONG><a name="[3f]"></a>__2printf</STRONG> (Thumb, 0 bytes, Stack size 24 bytes, printf6.o(i.__0printf$6))
<BR><BR>[Stack]<UL><LI>Max Depth = 24<LI>Call Chain = __2printf
</UL>
<BR>[Called By]<UL><LI><a href="#[1c]">&gt;&gt;</a>&nbsp;&nbsp;&nbsp;main
<LI><a href="#[23]">&gt;&gt;</a>&nbsp;&nbsp;&nbsp;Task_Print
</UL>

<P><STRONG><a name="[5c]"></a>__scatterload_copy</STRONG> (Thumb, 14 bytes, Stack size unknown bytes, handlers.o(i.__scatterload_copy), UNUSED)

<P><STRONG><a name="[5d]"></a>__scatterload_null</STRONG> (Thumb, 2 bytes, Stack size unknown bytes, handlers.o(i.__scatterload_null), UNUSED)

<P><STRONG><a name="[5e]"></a>__scatterload_zeroinit</STRONG> (Thumb, 14 bytes, Stack size unknown bytes, handlers.o(i.__scatterload_zeroinit), UNUSED)
<P>
<H3>
Local Symbols
</H3>
<P><STRONG><a name="[3a]"></a>TM1729_Stop</STRONG> (Thumb, 220 bytes, Stack size 32 bytes, main.o(.text.TM1729_Stop))
<BR><BR>[Stack]<UL><LI>Max Depth = 32<LI>Call Chain = TM1729_Stop
</UL>
<BR>[Calls]<UL><LI><a href="#[36]">&gt;&gt;</a>&nbsp;&nbsp;&nbsp;GPIO_WriteBit
</UL>
<BR>[Called By]<UL><LI><a href="#[1c]">&gt;&gt;</a>&nbsp;&nbsp;&nbsp;main
<LI><a href="#[3b]">&gt;&gt;</a>&nbsp;&nbsp;&nbsp;TM1729_WriteBuffer
</UL>

<P><STRONG><a name="[39]"></a>TM1729_Start</STRONG> (Thumb, 168 bytes, Stack size 24 bytes, main.o(.text.TM1729_Start))
<BR><BR>[Stack]<UL><LI>Max Depth = 24<LI>Call Chain = TM1729_Start
</UL>
<BR>[Calls]<UL><LI><a href="#[36]">&gt;&gt;</a>&nbsp;&nbsp;&nbsp;GPIO_WriteBit
</UL>
<BR>[Called By]<UL><LI><a href="#[1c]">&gt;&gt;</a>&nbsp;&nbsp;&nbsp;main
<LI><a href="#[3b]">&gt;&gt;</a>&nbsp;&nbsp;&nbsp;TM1729_WriteBuffer
</UL>

<P><STRONG><a name="[35]"></a>TM1729_SendByte</STRONG> (Thumb, 332 bytes, Stack size 24 bytes, main.o(.text.TM1729_SendByte))
<BR><BR>[Stack]<UL><LI>Max Depth = 24<LI>Call Chain = TM1729_SendByte
</UL>
<BR>[Calls]<UL><LI><a href="#[36]">&gt;&gt;</a>&nbsp;&nbsp;&nbsp;GPIO_WriteBit
</UL>
<BR>[Called By]<UL><LI><a href="#[1c]">&gt;&gt;</a>&nbsp;&nbsp;&nbsp;main
<LI><a href="#[3b]">&gt;&gt;</a>&nbsp;&nbsp;&nbsp;TM1729_WriteBuffer
</UL>

<P><STRONG><a name="[3b]"></a>TM1729_WriteBuffer</STRONG> (Thumb, 112 bytes, Stack size 8 bytes, main.o(.text.TM1729_WriteBuffer))
<BR><BR>[Stack]<UL><LI>Max Depth = 40<LI>Call Chain = TM1729_WriteBuffer &rArr; TM1729_Stop
</UL>
<BR>[Calls]<UL><LI><a href="#[35]">&gt;&gt;</a>&nbsp;&nbsp;&nbsp;TM1729_SendByte
<LI><a href="#[39]">&gt;&gt;</a>&nbsp;&nbsp;&nbsp;TM1729_Start
<LI><a href="#[3a]">&gt;&gt;</a>&nbsp;&nbsp;&nbsp;TM1729_Stop
</UL>
<BR>[Called By]<UL><LI><a href="#[1c]">&gt;&gt;</a>&nbsp;&nbsp;&nbsp;main
<LI><a href="#[24]">&gt;&gt;</a>&nbsp;&nbsp;&nbsp;Task_TM1729
</UL>

<P><STRONG><a name="[20]"></a>Task_Encoder</STRONG> (Thumb, 252 bytes, Stack size 16 bytes, main.o(.text.Task_Encoder))
<BR><BR>[Stack]<UL><LI>Max Depth = 16<LI>Call Chain = Task_Encoder
</UL>
<BR>[Calls]<UL><LI><a href="#[3c]">&gt;&gt;</a>&nbsp;&nbsp;&nbsp;GPIO_ReadInputDataBit
</UL>
<BR>[Address Reference Count : 1]<UL><LI> main.o(.data..L_MergedGlobals)
</UL>
<P><STRONG><a name="[21]"></a>Task_App</STRONG> (Thumb, 944 bytes, Stack size 16 bytes, main.o(.text.Task_App))
<BR><BR>[Stack]<UL><LI>Max Depth = 16<LI>Call Chain = Task_App
</UL>
<BR>[Address Reference Count : 1]<UL><LI> main.o(.data..L_MergedGlobals)
</UL>
<P><STRONG><a name="[22]"></a>Task_PWM</STRONG> (Thumb, 116 bytes, Stack size 16 bytes, main.o(.text.Task_PWM))
<BR><BR>[Stack]<UL><LI>Max Depth = 32<LI>Call Chain = Task_PWM &rArr; __aeabi_uidiv
</UL>
<BR>[Calls]<UL><LI><a href="#[3e]">&gt;&gt;</a>&nbsp;&nbsp;&nbsp;TIM_GenerateEvent
<LI><a href="#[3d]">&gt;&gt;</a>&nbsp;&nbsp;&nbsp;TIM_SetCompare2
<LI><a href="#[34]">&gt;&gt;</a>&nbsp;&nbsp;&nbsp;__aeabi_uidiv
</UL>
<BR>[Address Reference Count : 1]<UL><LI> main.o(.data..L_MergedGlobals)
</UL>
<P><STRONG><a name="[23]"></a>Task_Print</STRONG> (Thumb, 316 bytes, Stack size 32 bytes, main.o(.text.Task_Print))
<BR><BR>[Stack]<UL><LI>Max Depth = 56<LI>Call Chain = Task_Print &rArr; __2printf
</UL>
<BR>[Calls]<UL><LI><a href="#[3f]">&gt;&gt;</a>&nbsp;&nbsp;&nbsp;__2printf
</UL>
<BR>[Address Reference Count : 1]<UL><LI> main.o(.data..L_MergedGlobals)
</UL>
<P><STRONG><a name="[24]"></a>Task_TM1729</STRONG> (Thumb, 296 bytes, Stack size 48 bytes, main.o(.text.Task_TM1729))
<BR><BR>[Stack]<UL><LI>Max Depth = 92<LI>Call Chain = Task_TM1729 &rArr; TM1729_ShowValueOnRange &rArr; TM1729_SetNumAt
</UL>
<BR>[Calls]<UL><LI><a href="#[38]">&gt;&gt;</a>&nbsp;&nbsp;&nbsp;TM1729_SetNumAt
<LI><a href="#[37]">&gt;&gt;</a>&nbsp;&nbsp;&nbsp;TM1729_ShowValueOnRange
<LI><a href="#[3b]">&gt;&gt;</a>&nbsp;&nbsp;&nbsp;TM1729_WriteBuffer
</UL>
<BR>[Address Reference Count : 1]<UL><LI> main.o(.data..L_MergedGlobals)
</UL>
<P><STRONG><a name="[37]"></a>TM1729_ShowValueOnRange</STRONG> (Thumb, 184 bytes, Stack size 24 bytes, main.o(.text.TM1729_ShowValueOnRange))
<BR><BR>[Stack]<UL><LI>Max Depth = 44<LI>Call Chain = TM1729_ShowValueOnRange &rArr; TM1729_SetNumAt
</UL>
<BR>[Calls]<UL><LI><a href="#[38]">&gt;&gt;</a>&nbsp;&nbsp;&nbsp;TM1729_SetNumAt
</UL>
<BR>[Called By]<UL><LI><a href="#[24]">&gt;&gt;</a>&nbsp;&nbsp;&nbsp;Task_TM1729
</UL>

<P><STRONG><a name="[38]"></a>TM1729_SetNumAt</STRONG> (Thumb, 316 bytes, Stack size 20 bytes, main.o(.text.TM1729_SetNumAt))
<BR><BR>[Stack]<UL><LI>Max Depth = 20<LI>Call Chain = TM1729_SetNumAt
</UL>
<BR>[Called By]<UL><LI><a href="#[37]">&gt;&gt;</a>&nbsp;&nbsp;&nbsp;TM1729_ShowValueOnRange
<LI><a href="#[24]">&gt;&gt;</a>&nbsp;&nbsp;&nbsp;Task_TM1729
</UL>

<P><STRONG><a name="[25]"></a>Task_Idle</STRONG> (Thumb, 40 bytes, Stack size 0 bytes, main.o(.text.Task_Idle))
<BR>[Address Reference Count : 1]<UL><LI> main.o(.data..L_MergedGlobals)
</UL>
<P><STRONG><a name="[4a]"></a>_printf_core</STRONG> (Thumb, 768 bytes, Stack size 96 bytes, printf6.o(i._printf_core), UNUSED)
<BR><BR>[Calls]<UL><LI><a href="#[4b]">&gt;&gt;</a>&nbsp;&nbsp;&nbsp;_printf_pre_padding
<LI><a href="#[4c]">&gt;&gt;</a>&nbsp;&nbsp;&nbsp;_printf_post_padding
<LI><a href="#[4d]">&gt;&gt;</a>&nbsp;&nbsp;&nbsp;__aeabi_uidivmod
</UL>
<BR>[Called By]<UL><LI><a href="#[49]">&gt;&gt;</a>&nbsp;&nbsp;&nbsp;__0printf$6
</UL>

<P><STRONG><a name="[4c]"></a>_printf_post_padding</STRONG> (Thumb, 32 bytes, Stack size 24 bytes, printf6.o(i._printf_post_padding), UNUSED)
<BR><BR>[Called By]<UL><LI><a href="#[4a]">&gt;&gt;</a>&nbsp;&nbsp;&nbsp;_printf_core
</UL>

<P><STRONG><a name="[4b]"></a>_printf_pre_padding</STRONG> (Thumb, 44 bytes, Stack size 40 bytes, printf6.o(i._printf_pre_padding), UNUSED)
<BR><BR>[Called By]<UL><LI><a href="#[4a]">&gt;&gt;</a>&nbsp;&nbsp;&nbsp;_printf_core
</UL>
<P>
<H3>
Undefined Global Symbols
</H3><HR></body></html>
