Component: Arm Compiler for Embedded 6.19 Tool: armlink [5e73cb00]

==============================================================================

Section Cross References

    system_hk32f0301mxxc.o(.ARM.exidx.text.SystemInit) refers to system_hk32f0301mxxc.o(.text.SystemInit) for [Anonymous Symbol]
    system_hk32f0301mxxc.o(.text.SystemCoreClockUpdate) refers to uidiv_div0.o(.text) for __aeabi_uidiv
    system_hk32f0301mxxc.o(.text.SystemCoreClockUpdate) refers to system_hk32f0301mxxc.o(.data.SystemCoreClock) for SystemCoreClock
    system_hk32f0301mxxc.o(.text.SystemCoreClockUpdate) refers to hk32f0301mxxc_rcc.o(.rodata.AHBPrescTable) for AHBPrescTable
    system_hk32f0301mxxc.o(.ARM.exidx.text.SystemCoreClockUpdate) refers to system_hk32f0301mxxc.o(.text.SystemCoreClockUpdate) for [Anonymous Symbol]
    keil_startup_hk32f0301mxxc.o(RESET) refers to keil_startup_hk32f0301mxxc.o(STACK) for __initial_sp
    keil_startup_hk32f0301mxxc.o(RESET) refers to keil_startup_hk32f0301mxxc.o(.text) for Reset_Handler
    keil_startup_hk32f0301mxxc.o(RESET) refers to hk32f0301mxxc_it.o(.text.NMI_Handler) for NMI_Handler
    keil_startup_hk32f0301mxxc.o(RESET) refers to hk32f0301mxxc_it.o(.text.HardFault_Handler) for HardFault_Handler
    keil_startup_hk32f0301mxxc.o(RESET) refers to hk32f0301mxxc_it.o(.text.SVC_Handler) for SVC_Handler
    keil_startup_hk32f0301mxxc.o(RESET) refers to hk32f0301mxxc_it.o(.text.PendSV_Handler) for PendSV_Handler
    keil_startup_hk32f0301mxxc.o(RESET) refers to main.o(.text.SysTick_Handler) for SysTick_Handler
    keil_startup_hk32f0301mxxc.o(.text) refers to system_hk32f0301mxxc.o(.text.SystemInit) for SystemInit
    keil_startup_hk32f0301mxxc.o(.text) refers to entry.o(.ARM.Collect$$$$00000000) for __main
    main.o(.text.main) refers to hk32f0301mf4p7c_eval.o(.text.HK_EVAL_COMInit) for HK_EVAL_COMInit
    main.o(.text.main) refers to hk32f0301mxxc_rcc.o(.text.RCC_APBPeriph2ClockCmd) for RCC_APBPeriph2ClockCmd
    main.o(.text.main) refers to hk32f0301mxxc_rcc.o(.text.RCC_AHBPeriphClockCmd) for RCC_AHBPeriphClockCmd
    main.o(.text.main) refers to hk32f0301mxxc_gpio.o(.text.GPIO_IOMUX_ChangePin) for GPIO_IOMUX_ChangePin
    main.o(.text.main) refers to hk32f0301mxxc_gpio.o(.text.GPIO_Init) for GPIO_Init
    main.o(.text.main) refers to hk32f0301mxxc_gpio.o(.text.GPIO_PinAFConfig) for GPIO_PinAFConfig
    main.o(.text.main) refers to uidiv_div0.o(.text) for __aeabi_uidiv
    main.o(.text.main) refers to hk32f0301mxxc_tim.o(.text.TIM_TimeBaseInit) for TIM_TimeBaseInit
    main.o(.text.main) refers to hk32f0301mxxc_tim.o(.text.TIM_OC2Init) for TIM_OC2Init
    main.o(.text.main) refers to hk32f0301mxxc_tim.o(.text.TIM_OC2PreloadConfig) for TIM_OC2PreloadConfig
    main.o(.text.main) refers to hk32f0301mxxc_tim.o(.text.TIM_ARRPreloadConfig) for TIM_ARRPreloadConfig
    main.o(.text.main) refers to hk32f0301mxxc_tim.o(.text.TIM_Cmd) for TIM_Cmd
    main.o(.text.main) refers to hk32f0301mxxc_tim.o(.text.TIM_CtrlPWMOutputs) for TIM_CtrlPWMOutputs
    main.o(.text.main) refers to main.o(.text.TM1729_Stop) for TM1729_Stop
    main.o(.text.main) refers to main.o(.text.TM1729_Start) for TM1729_Start
    main.o(.text.main) refers to main.o(.text.TM1729_SendByte) for TM1729_SendByte
    main.o(.text.main) refers to memseta.o(.text) for __aeabi_memclr
    main.o(.text.main) refers to main.o(.text.TM1729_WriteBuffer) for TM1729_WriteBuffer
    main.o(.text.main) refers to printf6.o(i.__0printf$6) for __2printf
    main.o(.text.main) refers to hk32f0301mxxc_uart.o(.text.UART_GetFlagStatus) for UART_GetFlagStatus
    main.o(.text.main) refers to system_hk32f0301mxxc.o(.data.SystemCoreClock) for SystemCoreClock
    main.o(.text.main) refers to main.o(.bss..L_MergedGlobals.24) for [Anonymous Symbol]
    main.o(.text.main) refers to main.o(.data..L_MergedGlobals) for [Anonymous Symbol]
    main.o(.text.main) refers to main.o(.rodata.str1.1) for [Anonymous Symbol]
    main.o(.ARM.exidx.text.main) refers to main.o(.text.main) for [Anonymous Symbol]
    main.o(.text.SysTick_Handler) refers to main.o(.data..L_MergedGlobals) for [Anonymous Symbol]
    main.o(.ARM.exidx.text.SysTick_Handler) refers to main.o(.text.SysTick_Handler) for [Anonymous Symbol]
    main.o(.text.fputc) refers to hk32f0301mxxc_uart.o(.text.UART_SendData) for UART_SendData
    main.o(.text.fputc) refers to hk32f0301mxxc_uart.o(.text.UART_GetFlagStatus) for UART_GetFlagStatus
    main.o(.ARM.exidx.text.fputc) refers to main.o(.text.fputc) for [Anonymous Symbol]
    main.o(.text.Task_Encoder) refers to hk32f0301mxxc_gpio.o(.text.GPIO_ReadInputDataBit) for GPIO_ReadInputDataBit
    main.o(.text.Task_Encoder) refers to main.o(.data..L_MergedGlobals) for [Anonymous Symbol]
    main.o(.text.Task_Encoder) refers to main.o(.bss..L_MergedGlobals.24) for [Anonymous Symbol]
    main.o(.ARM.exidx.text.Task_Encoder) refers to main.o(.text.Task_Encoder) for [Anonymous Symbol]
[...]
    Removing hk32f0301mxxc_iwdg.o(.text.IWDG_GetFlagStatus), (16 bytes).
    Removing hk32f0301mxxc_iwdg.o(.ARM.exidx.text.IWDG_GetFlagStatus), (8 bytes).
    Removing hk32f0301mxxc_misc.o(.text), (0 bytes).
    Removing hk32f0301mxxc_misc.o(.text.NVIC_Init), (80 bytes).
    Removing hk32f0301mxxc_misc.o(.ARM.exidx.text.NVIC_Init), (8 bytes).
    Removing hk32f0301mxxc_misc.o(.text.NVIC_SystemLPConfig), (28 bytes).
    Removing hk32f0301mxxc_misc.o(.ARM.exidx.text.NVIC_SystemLPConfig), (8 bytes).
    Removing hk32f0301mxxc_misc.o(.text.SysTick_CLKSourceConfig), (28 bytes).
    Removing hk32f0301mxxc_misc.o(.ARM.exidx.text.SysTick_CLKSourceConfig), (8 bytes).
    Removing hk32f0301mxxc_pwr.o(.text), (0 bytes).
    Removing hk32f0301mxxc_pwr.o(.text.PWR_DeInit), (22 bytes).
    Removing hk32f0301mxxc_pwr.o(.ARM.exidx.text.PWR_DeInit), (8 bytes).
    Removing hk32f0301mxxc_pwr.o(.text.PWR_EnterSleepMode), (52 bytes).
    Removing hk32f0301mxxc_pwr.o(.ARM.exidx.text.PWR_EnterSleepMode), (8 bytes).
    Removing hk32f0301mxxc_pwr.o(.text.PWR_EnterStopMode), (80 bytes).
    Removing hk32f0301mxxc_pwr.o(.ARM.exidx.text.PWR_EnterStopMode), (8 bytes).
    Removing hk32f0301mxxc_pwr.o(.text.PWR_GetFlagStatus), (16 bytes).
    Removing hk32f0301mxxc_pwr.o(.ARM.exidx.text.PWR_GetFlagStatus), (8 bytes).
    Removing hk32f0301mxxc_rcc.o(.text), (0 bytes).
    Removing hk32f0301mxxc_rcc.o(.text.RCC_DeInit), (44 bytes).
    Removing hk32f0301mxxc_rcc.o(.ARM.exidx.text.RCC_DeInit), (8 bytes).
    Removing hk32f0301mxxc_rcc.o(.text.RCC_WaitForStartUp), (260 bytes).
    Removing hk32f0301mxxc_rcc.o(.ARM.exidx.text.RCC_WaitForStartUp), (8 bytes).
    Removing hk32f0301mxxc_rcc.o(.text.RCC_GetFlagStatus), (40 bytes).
    Removing hk32f0301mxxc_rcc.o(.ARM.exidx.text.RCC_GetFlagStatus), (8 bytes).
    Removing hk32f0301mxxc_rcc.o(.text.RCC_TrimHSIValue), (24 bytes).
    Removing hk32f0301mxxc_rcc.o(.ARM.exidx.text.RCC_TrimHSIValue), (8 bytes).
    Removing hk32f0301mxxc_rcc.o(.text.RCC_AdjustHSICalibrationValue), (20 bytes).
    Removing hk32f0301mxxc_rcc.o(.ARM.exidx.text.RCC_AdjustHSICalibrationValue), (8 bytes).
    Removing hk32f0301mxxc_rcc.o(.text.RCC_HSICmd), (24 bytes).
    Removing hk32f0301mxxc_rcc.o(.ARM.exidx.text.RCC_HSICmd), (8 bytes).
    Removing hk32f0301mxxc_rcc.o(.text.RCC_LSICmd), (24 bytes).
    Removing hk32f0301mxxc_rcc.o(.ARM.exidx.text.RCC_LSICmd), (8 bytes).
    Removing hk32f0301mxxc_rcc.o(.text.RCC_EXTConfig), (52 bytes).
    Removing hk32f0301mxxc_rcc.o(.ARM.exidx.text.RCC_EXTConfig), (8 bytes).
    Removing hk32f0301mxxc_rcc.o(.text.RCC_ClockSecuritySystemCmd), (28 bytes).
    Removing hk32f0301mxxc_rcc.o(.ARM.exidx.text.RCC_ClockSecuritySystemCmd), (8 bytes).
    Removing hk32f0301mxxc_rcc.o(.text.RCC_MCOConfig), (28 bytes).
    Removing hk32f0301mxxc_rcc.o(.ARM.exidx.text.RCC_MCOConfig), (8 bytes).
    Removing hk32f0301mxxc_rcc.o(.text.RCC_SYSCLKConfig), (140 bytes).
    Removing hk32f0301mxxc_rcc.o(.ARM.exidx.text.RCC_SYSCLKConfig), (8 bytes).
    Removing hk32f0301mxxc_rcc.o(.text.RCC_GetSYSCLKSource), (16 bytes).
    Removing hk32f0301mxxc_rcc.o(.ARM.exidx.text.RCC_GetSYSCLKSource), (8 bytes).
    Removing hk32f0301mxxc_rcc.o(.text.RCC_HCLKConfig), (20 bytes).
    Removing hk32f0301mxxc_rcc.o(.ARM.exidx.text.RCC_HCLKConfig), (8 bytes).
    Removing hk32f0301mxxc_rcc.o(.text.RCC_PCLKConfig), (20 bytes).
    Removing hk32f0301mxxc_rcc.o(.ARM.exidx.text.RCC_PCLKConfig), (8 bytes).
    Removing hk32f0301mxxc_rcc.o(.text.RCC_ADCCLKConfig), (64 bytes).
    Removing hk32f0301mxxc_rcc.o(.ARM.exidx.text.RCC_ADCCLKConfig), (8 bytes).
    Removing hk32f0301mxxc_rcc.o(.text.RCC_I2CCLKConfig), (24 bytes).
    Removing hk32f0301mxxc_rcc.o(.ARM.exidx.text.RCC_I2CCLKConfig), (8 bytes).
    Removing hk32f0301mxxc_rcc.o(.text.RCC_UART1CLKConfig), (24 bytes).
    Removing hk32f0301mxxc_rcc.o(.ARM.exidx.text.RCC_UART1CLKConfig), (8 bytes).
    Removing hk32f0301mxxc_rcc.o(.text.RCC_UART2CLKConfig), (24 bytes).
    Removing hk32f0301mxxc_rcc.o(.ARM.exidx.text.RCC_UART2CLKConfig), (8 bytes).
    Removing hk32f0301mxxc_rcc.o(.ARM.exidx.text.RCC_GetClocksFreq), (8 bytes).
    Removing hk32f0301mxxc_rcc.o(.ARM.exidx.text.RCC_AHBPeriphClockCmd), (8 bytes).
    Removing hk32f0301mxxc_rcc.o(.ARM.exidx.text.RCC_APBPeriph2ClockCmd), (8 bytes).
    Removing hk32f0301mxxc_rcc.o(.text.RCC_APBPeriph1ClockCmd), (28 bytes).
    Removing hk32f0301mxxc_rcc.o(.ARM.exidx.text.RCC_APBPeriph1ClockCmd), (8 bytes).
    Removing hk32f0301mxxc_rcc.o(.text.RCC_AHBPeriphResetCmd), (28 bytes).
    Removing hk32f0301mxxc_rcc.o(.ARM.exidx.text.RCC_AHBPeriphResetCmd), (8 bytes).
    Removing hk32f0301mxxc_rcc.o(.text.RCC_APBPeriph2ResetCmd), (28 bytes).
    Removing hk32f0301mxxc_rcc.o(.ARM.exidx.text.RCC_APBPeriph2ResetCmd), (8 bytes).
    Removing hk32f0301mxxc_rcc.o(.text.RCC_APBPeriph1ResetCmd), (28 bytes).
    Removing hk32f0301mxxc_rcc.o(.ARM.exidx.text.RCC_APBPeriph1ResetCmd), (8 bytes).
    Removing hk32f0301mxxc_rcc.o(.text.RCC_ITConfig), (28 bytes).
    Removing hk32f0301mxxc_rcc.o(.ARM.exidx.text.RCC_ITConfig), (8 bytes).
    Removing hk32f0301mxxc_rcc.o(.text.RCC_ClearFlag), (20 bytes).
    Removing hk32f0301mxxc_rcc.o(.ARM.exidx.text.RCC_ClearFlag), (8 bytes).
    Removing hk32f0301mxxc_rcc.o(.text.RCC_GetITStatus), (16 bytes).
    Removing hk32f0301mxxc_rcc.o(.ARM.exidx.text.RCC_GetITStatus), (8 bytes).
    Removing hk32f0301mxxc_rcc.o(.text.RCC_ClearITPendingBit), (12 bytes).
    Removing hk32f0301mxxc_rcc.o(.ARM.exidx.text.RCC_ClearITPendingBit), (8 bytes).
    Removing hk32f0301mxxc_rcc.o(.text.RCC_CSS_THRESHOLD_Config), (24 bytes).
    Removing hk32f0301mxxc_rcc.o(.ARM.exidx.text.RCC_CSS_THRESHOLD_Config), (8 bytes).
    Removing hk32f0301mxxc_spi.o(.text), (0 bytes).
    Removing hk32f0301mxxc_spi.o(.text.SPI_DeInit), (22 bytes).
    Removing hk32f0301mxxc_spi.o(.ARM.exidx.text.SPI_DeInit), (8 bytes).
    Removing hk32f0301mxxc_spi.o(.text.SPI_StructInit), (26 bytes).
    Removing hk32f0301mxxc_spi.o(.ARM.exidx.text.SPI_StructInit), (8 bytes).
    Removing hk32f0301mxxc_spi.o(.text.SPI_Init), (76 bytes).
    Removing hk32f0301mxxc_spi.o(.ARM.exidx.text.SPI_Init), (8 bytes).
    Removing hk32f0301mxxc_spi.o(.text.SPI_Cmd), (28 bytes).
    Removing hk32f0301mxxc_spi.o(.ARM.exidx.text.SPI_Cmd), (8 bytes).
    Removing hk32f0301mxxc_spi.o(.text.SPI_TIModeCmd), (28 bytes).
    Removing hk32f0301mxxc_spi.o(.ARM.exidx.text.SPI_TIModeCmd), (8 bytes).
    Removing hk32f0301mxxc_spi.o(.text.SPI_DataSizeConfig), (16 bytes).
    Removing hk32f0301mxxc_spi.o(.ARM.exidx.text.SPI_DataSizeConfig), (8 bytes).
    Removing hk32f0301mxxc_spi.o(.text.SPI_RxFIFOThresholdConfig), (20 bytes).
    Removing hk32f0301mxxc_spi.o(.ARM.exidx.text.SPI_RxFIFOThresholdConfig), (8 bytes).
    Removing hk32f0301mxxc_spi.o(.text.SPI_BiDirectionalLineConfig), (28 bytes).
    Removing hk32f0301mxxc_spi.o(.ARM.exidx.text.SPI_BiDirectionalLineConfig), (8 bytes).
    Removing hk32f0301mxxc_spi.o(.text.SPI_NSSInternalSoftwareConfig), (28 bytes).
    Removing hk32f0301mxxc_spi.o(.ARM.exidx.text.SPI_NSSInternalSoftwareConfig), (8 bytes).
    Removing hk32f0301mxxc_spi.o(.text.SPI_SSOutputCmd), (28 bytes).
    Removing hk32f0301mxxc_spi.o(.ARM.exidx.text.SPI_SSOutputCmd), (8 bytes).
    Removing hk32f0301mxxc_spi.o(.text.SPI_NSSPulseModeCmd), (28 bytes).
    Removing hk32f0301mxxc_spi.o(.ARM.exidx.text.SPI_NSSPulseModeCmd), (8 bytes).
    Removing hk32f0301mxxc_spi.o(.text.SPI_SendData8), (4 bytes).
    Removing hk32f0301mxxc_spi.o(.ARM.exidx.text.SPI_SendData8), (8 bytes).
    Removing hk32f0301mxxc_spi.o(.text.SPI_SendData16), (4 bytes).
    Removing hk32f0301mxxc_spi.o(.ARM.exidx.text.SPI_SendData16), (8 bytes).
    Removing hk32f0301mxxc_spi.o(.text.SPI_ReceiveData8), (4 bytes).
    Removing hk32f0301mxxc_spi.o(.ARM.exidx.text.SPI_ReceiveData8), (8 bytes).
    Removing hk32f0301mxxc_spi.o(.text.SPI_ReceiveData16), (6 bytes).
    Removing hk32f0301mxxc_spi.o(.ARM.exidx.text.SPI_ReceiveData16), (8 bytes).
    Removing hk32f0301mxxc_spi.o(.text.SPI_CRCLengthConfig), (20 bytes).
    Removing hk32f0301mxxc_spi.o(.ARM.exidx.text.SPI_CRCLengthConfig), (8 bytes).
    Removing hk32f0301mxxc_spi.o(.text.SPI_CalculateCRC), (28 bytes).
    Removing hk32f0301mxxc_spi.o(.ARM.exidx.text.SPI_CalculateCRC), (8 bytes).
    Removing hk32f0301mxxc_spi.o(.text.SPI_TransmitCRC), (12 bytes).
    Removing hk32f0301mxxc_spi.o(.ARM.exidx.text.SPI_TransmitCRC), (8 bytes).
    Removing hk32f0301mxxc_spi.o(.text.SPI_GetCRC), (20 bytes).
    Removing hk32f0301mxxc_spi.o(.ARM.exidx.text.SPI_GetCRC), (8 bytes).
    Removing hk32f0301mxxc_spi.o(.text.SPI_GetCRCPolynomial), (6 bytes).
    Removing hk32f0301mxxc_spi.o(.ARM.exidx.text.SPI_GetCRCPolynomial), (8 bytes).
    Removing hk32f0301mxxc_spi.o(.text.SPI_ITConfig), (36 bytes).
    Removing hk32f0301mxxc_spi.o(.ARM.exidx.text.SPI_ITConfig), (8 bytes).
    Removing hk32f0301mxxc_spi.o(.text.SPI_GetTransmissionFIFOStatus), (10 bytes).
    Removing hk32f0301mxxc_spi.o(.ARM.exidx.text.SPI_GetTransmissionFIFOStatus), (8 bytes).
    Removing hk32f0301mxxc_spi.o(.text.SPI_GetReceptionFIFOStatus), (10 bytes).
    Removing hk32f0301mxxc_spi.o(.ARM.exidx.text.SPI_GetReceptionFIFOStatus), (8 bytes).
    Removing hk32f0301mxxc_spi.o(.text.SPI_GetFlagStatus), (10 bytes).
    Removing hk32f0301mxxc_spi.o(.ARM.exidx.text.SPI_GetFlagStatus), (8 bytes).
    Removing hk32f0301mxxc_spi.o(.text.SPI_ClearFlag), (12 bytes).
    Removing hk32f0301mxxc_spi.o(.ARM.exidx.text.SPI_ClearFlag), (8 bytes).
    Removing hk32f0301mxxc_spi.o(.text.SPI_GetITStatus), (22 bytes).
    Removing hk32f0301mxxc_spi.o(.ARM.exidx.text.SPI_GetITStatus), (8 bytes).
    Removing hk32f0301mxxc_syscfg.o(.text), (0 bytes).
    Removing hk32f0301mxxc_syscfg.o(.text.SYSCFG_DeInit), (22 bytes).
    Removing hk32f0301mxxc_syscfg.o(.ARM.exidx.text.SYSCFG_DeInit), (8 bytes).
    Removing hk32f0301mxxc_syscfg.o(.text.SYSCFG_Lockup_Tim1BreakConfig), (24 bytes).
    Removing hk32f0301mxxc_syscfg.o(.ARM.exidx.text.SYSCFG_Lockup_Tim1BreakConfig), (8 bytes).
    Removing hk32f0301mxxc_syscfg.o(.text.SYSCFG_MemoryRemapConfig), (28 bytes).
    Removing hk32f0301mxxc_syscfg.o(.ARM.exidx.text.SYSCFG_MemoryRemapConfig), (8 bytes).
    Removing hk32f0301mxxc_syscfg.o(.text.SYSCFG_EXTILineConfig), (60 bytes).
    Removing hk32f0301mxxc_syscfg.o(.ARM.exidx.text.SYSCFG_EXTILineConfig), (8 bytes).
    Removing hk32f0301mxxc_tim.o(.text), (0 bytes).
    Removing hk32f0301mxxc_tim.o(.text.TIM_DeInit), (88 bytes).
    Removing hk32f0301mxxc_tim.o(.ARM.exidx.text.TIM_DeInit), (8 bytes).
    Removing hk32f0301mxxc_tim.o(.ARM.exidx.text.TIM_TimeBaseInit), (8 bytes).
    Removing hk32f0301mxxc_tim.o(.text.TIM_TimeBaseStructInit), (12 bytes).
    Removing hk32f0301mxxc_tim.o(.ARM.exidx.text.TIM_TimeBaseStructInit), (8 bytes).
    Removing hk32f0301mxxc_tim.o(.text.TIM_PrescalerConfig), (6 bytes).
    Removing hk32f0301mxxc_tim.o(.ARM.exidx.text.TIM_PrescalerConfig), (8 bytes).
    Removing hk32f0301mxxc_tim.o(.text.TIM_CounterModeConfig), (16 bytes).
    Removing hk32f0301mxxc_tim.o(.ARM.exidx.text.TIM_CounterModeConfig), (8 bytes).
    Removing hk32f0301mxxc_tim.o(.text.TIM_SetCounter), (4 bytes).
    Removing hk32f0301mxxc_tim.o(.ARM.exidx.text.TIM_SetCounter), (8 bytes).
    Removing hk32f0301mxxc_tim.o(.text.TIM_SetAutoreload), (4 bytes).
    Removing hk32f0301mxxc_tim.o(.ARM.exidx.text.TIM_SetAutoreload), (8 bytes).
    Removing hk32f0301mxxc_tim.o(.text.TIM_GetCounter), (4 bytes).
    Removing hk32f0301mxxc_tim.o(.ARM.exidx.text.TIM_GetCounter), (8 bytes).
    Removing hk32f0301mxxc_tim.o(.text.TIM_GetPrescaler), (6 bytes).
    Removing hk32f0301mxxc_tim.o(.ARM.exidx.text.TIM_GetPrescaler), (8 bytes).
    Removing hk32f0301mxxc_tim.o(.text.TIM_UpdateDisableConfig), (28 bytes).
    Removing hk32f0301mxxc_tim.o(.ARM.exidx.text.TIM_UpdateDisableConfig), (8 bytes).
    Removing hk32f0301mxxc_tim.o(.text.TIM_UpdateRequestConfig), (28 bytes).
    Removing hk32f0301mxxc_tim.o(.ARM.exidx.text.TIM_UpdateRequestConfig), (8 bytes).
    Removing hk32f0301mxxc_tim.o(.ARM.exidx.text.TIM_ARRPreloadConfig), (8 bytes).
    Removing hk32f0301mxxc_tim.o(.text.TIM_SelectOnePulseMode), (20 bytes).
    Removing hk32f0301mxxc_tim.o(.ARM.exidx.text.TIM_SelectOnePulseMode), (8 bytes).
    Removing hk32f0301mxxc_tim.o(.text.TIM_SetClockDivision), (20 bytes).
    Removing hk32f0301mxxc_tim.o(.ARM.exidx.text.TIM_SetClockDivision), (8 bytes).
    Removing hk32f0301mxxc_tim.o(.ARM.exidx.text.TIM_Cmd), (8 bytes).
    Removing hk32f0301mxxc_tim.o(.text.TIM_BDTRConfig), (30 bytes).
    Removing hk32f0301mxxc_tim.o(.ARM.exidx.text.TIM_BDTRConfig), (8 bytes).
    Removing hk32f0301mxxc_tim.o(.text.TIM_BDTRStructInit), (18 bytes).
    Removing hk32f0301mxxc_tim.o(.ARM.exidx.text.TIM_BDTRStructInit), (8 bytes).
    Removing hk32f0301mxxc_tim.o(.ARM.exidx.text.TIM_CtrlPWMOutputs), (8 bytes).
    Removing hk32f0301mxxc_tim.o(.text.TIM_OC1Init), (104 bytes).
    Removing hk32f0301mxxc_tim.o(.ARM.exidx.text.TIM_OC1Init), (8 bytes).
    Removing hk32f0301mxxc_tim.o(.ARM.exidx.text.TIM_OC2Init), (8 bytes).
    Removing hk32f0301mxxc_tim.o(.text.TIM_OC3Init), (120 bytes).
    Removing hk32f0301mxxc_tim.o(.ARM.exidx.text.TIM_OC3Init), (8 bytes).
    Removing hk32f0301mxxc_tim.o(.text.TIM_OC4Init), (108 bytes).
    Removing hk32f0301mxxc_tim.o(.ARM.exidx.text.TIM_OC4Init), (8 bytes).
    Removing hk32f0301mxxc_tim.o(.text.TIM_OCStructInit), (14 bytes).
    Removing hk32f0301mxxc_tim.o(.ARM.exidx.text.TIM_OCStructInit), (8 bytes).
    Removing hk32f0301mxxc_tim.o(.text.TIM_SelectOCxM), (68 bytes).
    Removing hk32f0301mxxc_tim.o(.ARM.exidx.text.TIM_SelectOCxM), (8 bytes).
    Removing hk32f0301mxxc_tim.o(.text.TIM_SetCompare1), (4 bytes).
    Removing hk32f0301mxxc_tim.o(.ARM.exidx.text.TIM_SetCompare1), (8 bytes).
    Removing hk32f0301mxxc_tim.o(.ARM.exidx.text.TIM_SetCompare2), (8 bytes).
    Removing hk32f0301mxxc_tim.o(.text.TIM_SetCompare3), (4 bytes).
    Removing hk32f0301mxxc_tim.o(.ARM.exidx.text.TIM_SetCompare3), (8 bytes).
    Removing hk32f0301mxxc_tim.o(.text.TIM_SetCompare4), (4 bytes).
    Removing hk32f0301mxxc_tim.o(.ARM.exidx.text.TIM_SetCompare4), (8 bytes).
    Removing hk32f0301mxxc_tim.o(.text.TIM_ForcedOC1Config), (16 bytes).
    Removing hk32f0301mxxc_tim.o(.ARM.exidx.text.TIM_ForcedOC1Config), (8 bytes).
    Removing hk32f0301mxxc_tim.o(.text.TIM_ForcedOC2Config), (20 bytes).
    Removing hk32f0301mxxc_tim.o(.ARM.exidx.text.TIM_ForcedOC2Config), (8 bytes).
    Removing hk32f0301mxxc_tim.o(.text.TIM_ForcedOC3Config), (16 bytes).
    Removing hk32f0301mxxc_tim.o(.ARM.exidx.text.TIM_ForcedOC3Config), (8 bytes).
    Removing hk32f0301mxxc_tim.o(.text.TIM_ForcedOC4Config), (20 bytes).
    Removing hk32f0301mxxc_tim.o(.ARM.exidx.text.TIM_ForcedOC4Config), (8 bytes).
    Removing hk32f0301mxxc_tim.o(.text.TIM_CCPreloadControl), (28 bytes).
    Removing hk32f0301mxxc_tim.o(.ARM.exidx.text.TIM_CCPreloadControl), (8 bytes).
    Removing hk32f0301mxxc_tim.o(.text.TIM_OC1PreloadConfig), (16 bytes).
    Removing hk32f0301mxxc_tim.o(.ARM.exidx.text.TIM_OC1PreloadConfig), (8 bytes).
    Removing hk32f0301mxxc_tim.o(.ARM.exidx.text.TIM_OC2PreloadConfig), (8 bytes).
    Removing hk32f0301mxxc_tim.o(.text.TIM_OC3PreloadConfig), (16 bytes).
    Removing hk32f0301mxxc_tim.o(.ARM.exidx.text.TIM_OC3PreloadConfig), (8 bytes).
    Removing hk32f0301mxxc_tim.o(.text.TIM_OC4PreloadConfig), (20 bytes).
    Removing hk32f0301mxxc_tim.o(.ARM.exidx.text.TIM_OC4PreloadConfig), (8 bytes).
    Removing hk32f0301mxxc_tim.o(.text.TIM_OC1FastConfig), (16 bytes).
    Removing hk32f0301mxxc_tim.o(.ARM.exidx.text.TIM_OC1FastConfig), (8 bytes).
    Removing hk32f0301mxxc_tim.o(.text.TIM_OC2FastConfig), (20 bytes).
    Removing hk32f0301mxxc_tim.o(.ARM.exidx.text.TIM_OC2FastConfig), (8 bytes).
    Removing hk32f0301mxxc_tim.o(.text.TIM_OC3FastConfig), (16 bytes).
    Removing hk32f0301mxxc_tim.o(.ARM.exidx.text.TIM_OC3FastConfig), (8 bytes).
    Removing hk32f0301mxxc_tim.o(.text.TIM_OC4FastConfig), (20 bytes).
    Removing hk32f0301mxxc_tim.o(.ARM.exidx.text.TIM_OC4FastConfig), (8 bytes).
    Removing hk32f0301mxxc_tim.o(.text.TIM_ClearOC1Ref), (16 bytes).
    Removing hk32f0301mxxc_tim.o(.ARM.exidx.text.TIM_ClearOC1Ref), (8 bytes).
    Removing hk32f0301mxxc_tim.o(.text.TIM_ClearOC2Ref), (20 bytes).
    Removing hk32f0301mxxc_tim.o(.ARM.exidx.text.TIM_ClearOC2Ref), (8 bytes).
    Removing hk32f0301mxxc_tim.o(.text.TIM_ClearOC3Ref), (16 bytes).
    Removing hk32f0301mxxc_tim.o(.ARM.exidx.text.TIM_ClearOC3Ref), (8 bytes).
    Removing hk32f0301mxxc_tim.o(.text.TIM_ClearOC4Ref), (20 bytes).
    Removing hk32f0301mxxc_tim.o(.ARM.exidx.text.TIM_ClearOC4Ref), (8 bytes).
    Removing hk32f0301mxxc_tim.o(.text.TIM_OC1PolarityConfig), (16 bytes).
    Removing hk32f0301mxxc_tim.o(.ARM.exidx.text.TIM_OC1PolarityConfig), (8 bytes).
    Removing hk32f0301mxxc_tim.o(.text.TIM_OC1NPolarityConfig), (16 bytes).
    Removing hk32f0301mxxc_tim.o(.ARM.exidx.text.TIM_OC1NPolarityConfig), (8 bytes).
    Removing hk32f0301mxxc_tim.o(.text.TIM_OC2PolarityConfig), (16 bytes).
    Removing hk32f0301mxxc_tim.o(.ARM.exidx.text.TIM_OC2PolarityConfig), (8 bytes).
    Removing hk32f0301mxxc_tim.o(.text.TIM_OC2NPolarityConfig), (16 bytes).
    Removing hk32f0301mxxc_tim.o(.ARM.exidx.text.TIM_OC2NPolarityConfig), (8 bytes).
    Removing hk32f0301mxxc_tim.o(.text.TIM_OC3PolarityConfig), (20 bytes).
    Removing hk32f0301mxxc_tim.o(.ARM.exidx.text.TIM_OC3PolarityConfig), (8 bytes).
    Removing hk32f0301mxxc_tim.o(.text.TIM_OC3NPolarityConfig), (20 bytes).
    Removing hk32f0301mxxc_tim.o(.ARM.exidx.text.TIM_OC3NPolarityConfig), (8 bytes).
    Removing hk32f0301mxxc_tim.o(.text.TIM_OC4PolarityConfig), (20 bytes).
    Removing hk32f0301mxxc_tim.o(.ARM.exidx.text.TIM_OC4PolarityConfig), (8 bytes).
    Removing hk32f0301mxxc_tim.o(.text.TIM_SelectOCREFClear), (20 bytes).
    Removing hk32f0301mxxc_tim.o(.ARM.exidx.text.TIM_SelectOCREFClear), (8 bytes).
    Removing hk32f0301mxxc_tim.o(.text.TIM_CCxCmd), (26 bytes).
    Removing hk32f0301mxxc_tim.o(.ARM.exidx.text.TIM_CCxCmd), (8 bytes).
    Removing hk32f0301mxxc_tim.o(.text.TIM_CCxNCmd), (36 bytes).
    Removing hk32f0301mxxc_tim.o(.ARM.exidx.text.TIM_CCxNCmd), (8 bytes).
    Removing hk32f0301mxxc_tim.o(.text.TIM_SelectCOM), (28 bytes).
    Removing hk32f0301mxxc_tim.o(.ARM.exidx.text.TIM_SelectCOM), (8 bytes).
    Removing hk32f0301mxxc_tim.o(.text.TIM_ICInit), (316 bytes).
    Removing hk32f0301mxxc_tim.o(.ARM.exidx.text.TIM_ICInit), (8 bytes).
    Removing hk32f0301mxxc_tim.o(.text.TIM_SetIC1Prescaler), (20 bytes).
    Removing hk32f0301mxxc_tim.o(.ARM.exidx.text.TIM_SetIC1Prescaler), (8 bytes).
    Removing hk32f0301mxxc_tim.o(.text.TIM_SetIC2Prescaler), (24 bytes).
    Removing hk32f0301mxxc_tim.o(.ARM.exidx.text.TIM_SetIC2Prescaler), (8 bytes).
    Removing hk32f0301mxxc_tim.o(.text.TIM_SetIC3Prescaler), (20 bytes).
    Removing hk32f0301mxxc_tim.o(.ARM.exidx.text.TIM_SetIC3Prescaler), (8 bytes).
    Removing hk32f0301mxxc_tim.o(.text.TIM_SetIC4Prescaler), (24 bytes).
    Removing hk32f0301mxxc_tim.o(.ARM.exidx.text.TIM_SetIC4Prescaler), (8 bytes).
    Removing hk32f0301mxxc_tim.o(.text.TIM_ICStructInit), (16 bytes).
    Removing hk32f0301mxxc_tim.o(.ARM.exidx.text.TIM_ICStructInit), (8 bytes).
    Removing hk32f0301mxxc_tim.o(.text.TIM_PWMIConfig), (304 bytes).
    Removing hk32f0301mxxc_tim.o(.ARM.exidx.text.TIM_PWMIConfig), (8 bytes).
    Removing hk32f0301mxxc_tim.o(.text.TIM_GetCapture1), (4 bytes).
    Removing hk32f0301mxxc_tim.o(.ARM.exidx.text.TIM_GetCapture1), (8 bytes).
    Removing hk32f0301mxxc_tim.o(.text.TIM_GetCapture2), (4 bytes).
    Removing hk32f0301mxxc_tim.o(.ARM.exidx.text.TIM_GetCapture2), (8 bytes).
    Removing hk32f0301mxxc_tim.o(.text.TIM_GetCapture3), (4 bytes).
    Removing hk32f0301mxxc_tim.o(.ARM.exidx.text.TIM_GetCapture3), (8 bytes).
    Removing hk32f0301mxxc_tim.o(.text.TIM_GetCapture4), (4 bytes).
    Removing hk32f0301mxxc_tim.o(.ARM.exidx.text.TIM_GetCapture4), (8 bytes).
    Removing hk32f0301mxxc_tim.o(.text.TIM_ITConfig), (28 bytes).
    Removing hk32f0301mxxc_tim.o(.ARM.exidx.text.TIM_ITConfig), (8 bytes).
    Removing hk32f0301mxxc_tim.o(.ARM.exidx.text.TIM_GenerateEvent), (8 bytes).
    Removing hk32f0301mxxc_tim.o(.text.TIM_GetFlagStatus), (10 bytes).
    Removing hk32f0301mxxc_tim.o(.ARM.exidx.text.TIM_GetFlagStatus), (8 bytes).
    Removing hk32f0301mxxc_tim.o(.text.TIM_ClearFlag), (12 bytes).
    Removing hk32f0301mxxc_tim.o(.ARM.exidx.text.TIM_ClearFlag), (8 bytes).
    Removing hk32f0301mxxc_tim.o(.text.TIM_GetITStatus), (20 bytes).
    Removing hk32f0301mxxc_tim.o(.ARM.exidx.text.TIM_GetITStatus), (8 bytes).
    Removing hk32f0301mxxc_tim.o(.text.TIM_ClearITPendingBit), (12 bytes).
    Removing hk32f0301mxxc_tim.o(.ARM.exidx.text.TIM_ClearITPendingBit), (8 bytes).
    Removing hk32f0301mxxc_tim.o(.text.TIM_InternalClockConfig), (16 bytes).
    Removing hk32f0301mxxc_tim.o(.ARM.exidx.text.TIM_InternalClockConfig), (8 bytes).
    Removing hk32f0301mxxc_tim.o(.text.TIM_ITRxExternalClockConfig), (24 bytes).
    Removing hk32f0301mxxc_tim.o(.ARM.exidx.text.TIM_ITRxExternalClockConfig), (8 bytes).
    Removing hk32f0301mxxc_tim.o(.text.TIM_SelectInputTrigger), (16 bytes).
    Removing hk32f0301mxxc_tim.o(.ARM.exidx.text.TIM_SelectInputTrigger), (8 bytes).
    Removing hk32f0301mxxc_tim.o(.text.TIM_TIxExternalClockConfig), (124 bytes).
    Removing hk32f0301mxxc_tim.o(.ARM.exidx.text.TIM_TIxExternalClockConfig), (8 bytes).
    Removing hk32f0301mxxc_tim.o(.text.TIM_ETRClockMode1Config), (28 bytes).
    Removing hk32f0301mxxc_tim.o(.ARM.exidx.text.TIM_ETRClockMode1Config), (8 bytes).
    Removing hk32f0301mxxc_tim.o(.text.TIM_ETRConfig), (18 bytes).
    Removing hk32f0301mxxc_tim.o(.ARM.exidx.text.TIM_ETRConfig), (8 bytes).
    Removing hk32f0301mxxc_tim.o(.text.TIM_ETRClockMode2Config), (28 bytes).
    Removing hk32f0301mxxc_tim.o(.ARM.exidx.text.TIM_ETRClockMode2Config), (8 bytes).
    Removing hk32f0301mxxc_tim.o(.text.TIM_SelectOutputTrigger), (20 bytes).
    Removing hk32f0301mxxc_tim.o(.ARM.exidx.text.TIM_SelectOutputTrigger), (8 bytes).
    Removing hk32f0301mxxc_tim.o(.text.TIM_SelectSlaveMode), (20 bytes).
    Removing hk32f0301mxxc_tim.o(.ARM.exidx.text.TIM_SelectSlaveMode), (8 bytes).
    Removing hk32f0301mxxc_tim.o(.text.TIM_SelectMasterSlaveMode), (20 bytes).
    Removing hk32f0301mxxc_tim.o(.ARM.exidx.text.TIM_SelectMasterSlaveMode), (8 bytes).
    Removing hk32f0301mxxc_tim.o(.text.TIM_EncoderInterfaceConfig), (52 bytes).
    Removing hk32f0301mxxc_tim.o(.ARM.exidx.text.TIM_EncoderInterfaceConfig), (8 bytes).
    Removing hk32f0301mxxc_tim.o(.text.TIM_SelectHallSensor), (28 bytes).
    Removing hk32f0301mxxc_tim.o(.ARM.exidx.text.TIM_SelectHallSensor), (8 bytes).
    Removing hk32f0301mxxc_tim.o(.text.TIM_CC_TRIGADC), (28 bytes).
    Removing hk32f0301mxxc_tim.o(.ARM.exidx.text.TIM_CC_TRIGADC), (8 bytes).
    Removing hk32f0301mxxc_uart.o(.text), (0 bytes).
    Removing hk32f0301mxxc_uart.o(.text.UART_DeInit), (52 bytes).
    Removing hk32f0301mxxc_uart.o(.ARM.exidx.text.UART_DeInit), (8 bytes).
    Removing hk32f0301mxxc_uart.o(.ARM.exidx.text.UART_Init), (8 bytes).
    Removing hk32f0301mxxc_uart.o(.text.UART_StructInit), (20 bytes).
    Removing hk32f0301mxxc_uart.o(.ARM.exidx.text.UART_StructInit), (8 bytes).
    Removing hk32f0301mxxc_uart.o(.ARM.exidx.text.UART_Cmd), (8 bytes).
    Removing hk32f0301mxxc_uart.o(.text.UART_DirectionModeCmd), (20 bytes).
    Removing hk32f0301mxxc_uart.o(.ARM.exidx.text.UART_DirectionModeCmd), (8 bytes).
    Removing hk32f0301mxxc_uart.o(.text.UART_OverSampling8Cmd), (20 bytes).
    Removing hk32f0301mxxc_uart.o(.ARM.exidx.text.UART_OverSampling8Cmd), (8 bytes).
    Removing hk32f0301mxxc_uart.o(.text.UART_OneBitMethodCmd), (20 bytes).
    Removing hk32f0301mxxc_uart.o(.ARM.exidx.text.UART_OneBitMethodCmd), (8 bytes).
    Removing hk32f0301mxxc_uart.o(.text.UART_MSBFirstCmd), (20 bytes).
    Removing hk32f0301mxxc_uart.o(.ARM.exidx.text.UART_MSBFirstCmd), (8 bytes).
    Removing hk32f0301mxxc_uart.o(.text.UART_DataInvCmd), (20 bytes).
    Removing hk32f0301mxxc_uart.o(.ARM.exidx.text.UART_DataInvCmd), (8 bytes).
    Removing hk32f0301mxxc_uart.o(.text.UART_InvPinCmd), (20 bytes).
    Removing hk32f0301mxxc_uart.o(.ARM.exidx.text.UART_InvPinCmd), (8 bytes).
    Removing hk32f0301mxxc_uart.o(.ARM.exidx.text.UART_SendData), (8 bytes).
    Removing hk32f0301mxxc_uart.o(.text.UART_ReceiveData), (12 bytes).
    Removing hk32f0301mxxc_uart.o(.ARM.exidx.text.UART_ReceiveData), (8 bytes).
    Removing hk32f0301mxxc_uart.o(.text.UART_SetAddress), (20 bytes).
    Removing hk32f0301mxxc_uart.o(.ARM.exidx.text.UART_SetAddress), (8 bytes).
    Removing hk32f0301mxxc_uart.o(.text.UART_MuteModeCmd), (20 bytes).
    Removing hk32f0301mxxc_uart.o(.ARM.exidx.text.UART_MuteModeCmd), (8 bytes).
    Removing hk32f0301mxxc_uart.o(.text.UART_MuteModeWakeUpConfig), (18 bytes).
    Removing hk32f0301mxxc_uart.o(.ARM.exidx.text.UART_MuteModeWakeUpConfig), (8 bytes).
    Removing hk32f0301mxxc_uart.o(.text.UART_AddressDetectionConfig), (16 bytes).
    Removing hk32f0301mxxc_uart.o(.ARM.exidx.text.UART_AddressDetectionConfig), (8 bytes).
    Removing hk32f0301mxxc_uart.o(.text.UART_HalfDuplexCmd), (18 bytes).
    Removing hk32f0301mxxc_uart.o(.ARM.exidx.text.UART_HalfDuplexCmd), (8 bytes).
    Removing hk32f0301mxxc_uart.o(.text.UART_ITConfig), (50 bytes).
    Removing hk32f0301mxxc_uart.o(.ARM.exidx.text.UART_ITConfig), (8 bytes).
    Removing hk32f0301mxxc_uart.o(.text.UART_RequestCmd), (20 bytes).
    Removing hk32f0301mxxc_uart.o(.ARM.exidx.text.UART_RequestCmd), (8 bytes).
    Removing hk32f0301mxxc_uart.o(.text.UART_OverrunDetectionConfig), (18 bytes).
    Removing hk32f0301mxxc_uart.o(.ARM.exidx.text.UART_OverrunDetectionConfig), (8 bytes).
    Removing hk32f0301mxxc_uart.o(.ARM.exidx.text.UART_GetFlagStatus), (8 bytes).
    Removing hk32f0301mxxc_uart.o(.text.UART_ClearFlag), (4 bytes).
    Removing hk32f0301mxxc_uart.o(.ARM.exidx.text.UART_ClearFlag), (8 bytes).
    Removing hk32f0301mxxc_uart.o(.text.UART_GetITStatus), (42 bytes).
    Removing hk32f0301mxxc_uart.o(.ARM.exidx.text.UART_GetITStatus), (8 bytes).
    Removing hk32f0301mxxc_uart.o(.text.UART_ClearITPendingBit), (10 bytes).
    Removing hk32f0301mxxc_uart.o(.ARM.exidx.text.UART_ClearITPendingBit), (8 bytes).
    Removing hk32f0301mxxc_wwdg.o(.text), (0 bytes).
    Removing hk32f0301mxxc_wwdg.o(.text.WWDG_DeInit), (22 bytes).
    Removing hk32f0301mxxc_wwdg.o(.ARM.exidx.text.WWDG_DeInit), (8 bytes).
    Removing hk32f0301mxxc_wwdg.o(.text.WWDG_SetPrescaler), (20 bytes).
    Removing hk32f0301mxxc_wwdg.o(.ARM.exidx.text.WWDG_SetPrescaler), (8 bytes).
    Removing hk32f0301mxxc_wwdg.o(.text.WWDG_SetWindowValue), (36 bytes).
    Removing hk32f0301mxxc_wwdg.o(.ARM.exidx.text.WWDG_SetWindowValue), (8 bytes).
    Removing hk32f0301mxxc_wwdg.o(.text.WWDG_EnableIT), (20 bytes).
    Removing hk32f0301mxxc_wwdg.o(.ARM.exidx.text.WWDG_EnableIT), (8 bytes).
    Removing hk32f0301mxxc_wwdg.o(.text.WWDG_SetCounter), (16 bytes).
    Removing hk32f0301mxxc_wwdg.o(.ARM.exidx.text.WWDG_SetCounter), (8 bytes).
    Removing hk32f0301mxxc_wwdg.o(.text.WWDG_Enable), (16 bytes).
    Removing hk32f0301mxxc_wwdg.o(.ARM.exidx.text.WWDG_Enable), (8 bytes).
    Removing hk32f0301mxxc_wwdg.o(.text.WWDG_GetFlagStatus), (16 bytes).
    Removing hk32f0301mxxc_wwdg.o(.ARM.exidx.text.WWDG_GetFlagStatus), (8 bytes).
    Removing hk32f0301mxxc_wwdg.o(.text.WWDG_ClearFlag), (12 bytes).
    Removing hk32f0301mxxc_wwdg.o(.ARM.exidx.text.WWDG_ClearFlag), (8 bytes).
    Removing hk32f0301mf4p7c_eval.o(.text), (0 bytes).
    Removing hk32f0301mf4p7c_eval.o(.text.HK_EVAL_LEDInit), (64 bytes).
    Removing hk32f0301mf4p7c_eval.o(.ARM.exidx.text.HK_EVAL_LEDInit), (8 bytes).
    Removing hk32f0301mf4p7c_eval.o(.text.HK_EVAL_LEDOn), (24 bytes).
    Removing hk32f0301mf4p7c_eval.o(.ARM.exidx.text.HK_EVAL_LEDOn), (8 bytes).
    Removing hk32f0301mf4p7c_eval.o(.text.HK_EVAL_LEDOff), (24 bytes).
    Removing hk32f0301mf4p7c_eval.o(.ARM.exidx.text.HK_EVAL_LEDOff), (8 bytes).
    Removing hk32f0301mf4p7c_eval.o(.text.HK_EVAL_LEDToggle), (28 bytes).
    Removing hk32f0301mf4p7c_eval.o(.ARM.exidx.text.HK_EVAL_LEDToggle), (8 bytes).
    Removing hk32f0301mf4p7c_eval.o(.text.HK_EVAL_PBInit), (140 bytes).
    Removing hk32f0301mf4p7c_eval.o(.ARM.exidx.text.HK_EVAL_PBInit), (8 bytes).
    Removing hk32f0301mf4p7c_eval.o(.text.HK_EVAL_PBGetState), (32 bytes).
    Removing hk32f0301mf4p7c_eval.o(.ARM.exidx.text.HK_EVAL_PBGetState), (8 bytes).
    Removing hk32f0301mf4p7c_eval.o(.ARM.exidx.text.HK_EVAL_COMInit), (8 bytes).
    Removing hk32f0301mf4p7c_eval.o(.text.sFLASH_LowLevel_DeInit), (100 bytes).
    Removing hk32f0301mf4p7c_eval.o(.ARM.exidx.text.sFLASH_LowLevel_DeInit), (8 bytes).
    Removing hk32f0301mf4p7c_eval.o(.text.sFLASH_LowLevel_Init), (132 bytes).
    Removing hk32f0301mf4p7c_eval.o(.ARM.exidx.text.sFLASH_LowLevel_Init), (8 bytes).
    Removing hk32f0301mf4p7c_eval.o(.text.sEE_LowLevel_DeInit), (76 bytes).
    Removing hk32f0301mf4p7c_eval.o(.ARM.exidx.text.sEE_LowLevel_DeInit), (8 bytes).
    Removing hk32f0301mf4p7c_eval.o(.text.sEE_LowLevel_Init), (96 bytes).
    Removing hk32f0301mf4p7c_eval.o(.ARM.exidx.text.sEE_LowLevel_Init), (8 bytes).
    Removing hk32f0301mf4p7c_eval.o(.data.GPIO_PORT), (12 bytes).
    Removing hk32f0301mf4p7c_eval.o(.rodata.GPIO_PIN), (6 bytes).
    Removing hk32f0301mf4p7c_eval.o(.rodata.GPIO_CLK), (12 bytes).
    Removing hk32f0301mf4p7c_eval.o(.data.BUTTON_PORT), (8 bytes).
    Removing hk32f0301mf4p7c_eval.o(.rodata.BUTTON_PIN), (4 bytes).
    Removing hk32f0301mf4p7c_eval.o(.rodata.BUTTON_CLK), (8 bytes).
    Removing hk32f0301mf4p7c_eval.o(.rodata.BUTTON_EXTI_LINE), (4 bytes).
    Removing hk32f0301mf4p7c_eval.o(.rodata.BUTTON_PORT_SOURCE), (4 bytes).
    Removing hk32f0301mf4p7c_eval.o(.rodata.BUTTON_PIN_SOURCE), (4 bytes).
    Removing hk32f0301mf4p7c_eval.o(.rodata.BUTTON_IRQn), (4 bytes).
    Removing hk32f0301mf4p7c_eval.o(.rodata.COM_USART_CLK), (4 bytes).
    Removing hk32f0301mf4p7c_eval.o(.rodata.COM_TX_PORT_CLK), (4 bytes).
    Removing hk32f0301mf4p7c_eval.o(.rodata.COM_RX_PORT_CLK), (4 bytes).
    Removing hk32f0301mf4p7c_eval.o(.rodata.COM_TX_PIN), (2 bytes).
    Removing hk32f0301mf4p7c_eval.o(.rodata.COM_RX_PIN), (2 bytes).
    Removing hk32f0301mf4p7c_eval.o(.rodata.COM_TX_PIN_SOURCE), (2 bytes).
    Removing hk32f0301mf4p7c_eval.o(.rodata.COM_RX_PIN_SOURCE), (2 bytes).
    Removing hk32f0301mf4p7c_eval.o(.rodata.COM_TX_AF), (2 bytes).
    Removing hk32f0301mf4p7c_eval.o(.rodata.COM_RX_AF), (2 bytes).
    Removing hk32f0301mf4p7c_eval_i2c_ee.o(.text), (0 bytes).
    Removing hk32f0301mf4p7c_eval_i2c_ee.o(.text.sEE_DeInit), (8 bytes).
    Removing hk32f0301mf4p7c_eval_i2c_ee.o(.ARM.exidx.text.sEE_DeInit), (8 bytes).
    Removing hk32f0301mf4p7c_eval_i2c_ee.o(.text.sEE_Init), (68 bytes).
    Removing hk32f0301mf4p7c_eval_i2c_ee.o(.ARM.exidx.text.sEE_Init), (8 bytes).
    Removing hk32f0301mf4p7c_eval_i2c_ee.o(.text.sEE_ReadBuffer), (580 bytes).
    Removing hk32f0301mf4p7c_eval_i2c_ee.o(.ARM.exidx.text.sEE_ReadBuffer), (8 bytes).
    Removing hk32f0301mf4p7c_eval_i2c_ee.o(.text.sEE_TIMEOUT_UserCallback), (2 bytes).
    Removing hk32f0301mf4p7c_eval_i2c_ee.o(.ARM.exidx.text.sEE_TIMEOUT_UserCallback), (8 bytes).
    Removing hk32f0301mf4p7c_eval_i2c_ee.o(.text.sEE_WritePage), (236 bytes).
    Removing hk32f0301mf4p7c_eval_i2c_ee.o(.ARM.exidx.text.sEE_WritePage), (8 bytes).
    Removing hk32f0301mf4p7c_eval_i2c_ee.o(.text.sEE_WriteBuffer), (260 bytes).
    Removing hk32f0301mf4p7c_eval_i2c_ee.o(.ARM.exidx.text.sEE_WriteBuffer), (8 bytes).
    Removing hk32f0301mf4p7c_eval_i2c_ee.o(.text.sEE_WaitEepromStandbyState), (144 bytes).
    Removing hk32f0301mf4p7c_eval_i2c_ee.o(.ARM.exidx.text.sEE_WaitEepromStandbyState), (8 bytes).
    Removing hk32f0301mf4p7c_eval_i2c_ee.o(.bss.sEEAddress), (2 bytes).
    Removing hk32f0301mf4p7c_eval_i2c_ee.o(.data.sEETimeout), (4 bytes).
    Removing hk32f0301mf4p7c_eval_i2c_ee.o(.bss.sEEDataNum), (2 bytes).
    Removing hk32f0301mf4p7c_eval_spi_flash.o(.text), (0 bytes).
    Removing hk32f0301mf4p7c_eval_spi_flash.o(.text.sFLASH_DeInit), (8 bytes).
    Removing hk32f0301mf4p7c_eval_spi_flash.o(.ARM.exidx.text.sFLASH_DeInit), (8 bytes).
    Removing hk32f0301mf4p7c_eval_spi_flash.o(.text.sFLASH_Init), (88 bytes).
    Removing hk32f0301mf4p7c_eval_spi_flash.o(.ARM.exidx.text.sFLASH_Init), (8 bytes).
    Removing hk32f0301mf4p7c_eval_spi_flash.o(.text.sFLASH_EraseSector), (256 bytes).
    Removing hk32f0301mf4p7c_eval_spi_flash.o(.ARM.exidx.text.sFLASH_EraseSector), (8 bytes).
    Removing hk32f0301mf4p7c_eval_spi_flash.o(.text.sFLASH_WriteEnable), (72 bytes).
    Removing hk32f0301mf4p7c_eval_spi_flash.o(.ARM.exidx.text.sFLASH_WriteEnable), (8 bytes).
    Removing hk32f0301mf4p7c_eval_spi_flash.o(.text.sFLASH_SendByte), (52 bytes).
    Removing hk32f0301mf4p7c_eval_spi_flash.o(.ARM.exidx.text.sFLASH_SendByte), (8 bytes).
    Removing hk32f0301mf4p7c_eval_spi_flash.o(.text.sFLASH_WaitForWriteEnd), (112 bytes).
    Removing hk32f0301mf4p7c_eval_spi_flash.o(.ARM.exidx.text.sFLASH_WaitForWriteEnd), (8 bytes).
    Removing hk32f0301mf4p7c_eval_spi_flash.o(.text.sFLASH_EraseBulk), (132 bytes).
    Removing hk32f0301mf4p7c_eval_spi_flash.o(.ARM.exidx.text.sFLASH_EraseBulk), (8 bytes).
    Removing hk32f0301mf4p7c_eval_spi_flash.o(.text.sFLASH_WritePage), (316 bytes).
    Removing hk32f0301mf4p7c_eval_spi_flash.o(.ARM.exidx.text.sFLASH_WritePage), (8 bytes).
    Removing hk32f0301mf4p7c_eval_spi_flash.o(.text.sFLASH_WriteBuffer), (184 bytes).
    Removing hk32f0301mf4p7c_eval_spi_flash.o(.ARM.exidx.text.sFLASH_WriteBuffer), (8 bytes).
    Removing hk32f0301mf4p7c_eval_spi_flash.o(.text.sFLASH_ReadBuffer), (256 bytes).
    Removing hk32f0301mf4p7c_eval_spi_flash.o(.ARM.exidx.text.sFLASH_ReadBuffer), (8 bytes).
    Removing hk32f0301mf4p7c_eval_spi_flash.o(.text.sFLASH_ReadID), (204 bytes).
    Removing hk32f0301mf4p7c_eval_spi_flash.o(.ARM.exidx.text.sFLASH_ReadID), (8 bytes).
    Removing hk32f0301mf4p7c_eval_spi_flash.o(.text.sFLASH_StartReadSequence), (180 bytes).
    Removing hk32f0301mf4p7c_eval_spi_flash.o(.ARM.exidx.text.sFLASH_StartReadSequence), (8 bytes).
    Removing hk32f0301mf4p7c_eval_spi_flash.o(.text.sFLASH_ReadByte), (48 bytes).
    Removing hk32f0301mf4p7c_eval_spi_flash.o(.ARM.exidx.text.sFLASH_ReadByte), (8 bytes).
    Removing hk32f0301mf4p7c_eval_spi_flash.o(.text.sFLASH_SendHalfWord), (52 bytes).
    Removing hk32f0301mf4p7c_eval_spi_flash.o(.ARM.exidx.text.sFLASH_SendHalfWord), (8 bytes).
    Removing dadd.o(.text), (356 bytes).
    Removing dmul.o(.text), (208 bytes).
    Removing ddiv.o(.text), (240 bytes).
    Removing dfixul.o(.text), (64 bytes).
    Removing cdrcmple.o(.text), (40 bytes).
    Removing depilogue.o(.text), (190 bytes).
    Removing depilogue.o(i.__ARM_clz), (46 bytes).

789 unused section(s) (total 24390 bytes) removed from the image.

==============================================================================

Image Symbol Table

    Local Symbols

    Symbol Name                              Value     Ov Type        Size  Object(Section)

    ../clib/division.s                       0x00000000   Number         0  aeabi_sdivfast.o ABSOLUTE
    ../clib/division.s                       0x00000000   Number         0  aeabi_sdivfast_div0.o ABSOLUTE
    ../clib/microlib/division.c              0x00000000   Number         0  uidiv.o ABSOLUTE
    ../clib/microlib/division.c              0x00000000   Number         0  uidiv_div0.o ABSOLUTE
    ../clib/microlib/division.c              0x00000000   Number         0  idiv_div0.o ABSOLUTE
    ../clib/microlib/division.c              0x00000000   Number         0  idiv0.o ABSOLUTE
    ../clib/microlib/division.c              0x00000000   Number         0  uldiv.o ABSOLUTE
    ../clib/microlib/init/entry.s            0x00000000   Number         0  entry.o ABSOLUTE
    ../clib/microlib/init/entry.s            0x00000000   Number         0  entry2.o ABSOLUTE
    ../clib/microlib/init/entry.s            0x00000000   Number         0  entry5.o ABSOLUTE
    ../clib/microlib/init/entry.s            0x00000000   Number         0  entry7a.o ABSOLUTE
    ../clib/microlib/init/entry.s            0x00000000   Number         0  entry7b.o ABSOLUTE
    ../clib/microlib/init/entry.s            0x00000000   Number         0  entry8a.o ABSOLUTE
    ../clib/microlib/init/entry.s            0x00000000   Number         0  entry8b.o ABSOLUTE
    ../clib/microlib/init/entry.s            0x00000000   Number         0  entry9a.o ABSOLUTE
    ../clib/microlib/init/entry.s            0x00000000   Number         0  entry9b.o ABSOLUTE
    ../clib/microlib/init/entry.s            0x00000000   Number         0  entry10a.o ABSOLUTE
    ../clib/microlib/init/entry.s            0x00000000   Number         0  entry10b.o ABSOLUTE
    ../clib/microlib/init/entry.s            0x00000000   Number         0  entry11a.o ABSOLUTE
    ../clib/microlib/init/entry.s            0x00000000   Number         0  entry11b.o ABSOLUTE
    ../clib/microlib/longlong.c              0x00000000   Number         0  llshl.o ABSOLUTE
    ../clib/microlib/longlong.c              0x00000000   Number         0  llushr.o ABSOLUTE
    ../clib/microlib/longlong.c              0x00000000   Number         0  llsshr.o ABSOLUTE
    ../clib/microlib/printf/printf.c         0x00000000   Number         0  printfb.o ABSOLUTE
    ../clib/microlib/printf/printf.c         0x00000000   Number         0  printf0.o ABSOLUTE
    ../clib/microlib/printf/printf.c         0x00000000   Number         0  printf1.o ABSOLUTE
    ../clib/microlib/printf/printf.c         0x00000000   Number         0  printf2.o ABSOLUTE
    ../clib/microlib/printf/printf.c         0x00000000   Number         0  printf3.o ABSOLUTE
    ../clib/microlib/printf/printf.c         0x00000000   Number         0  printf4.o ABSOLUTE
    ../clib/microlib/printf/printf.c         0x00000000   Number         0  printf5.o ABSOLUTE
    ../clib/microlib/printf/printf.c         0x00000000   Number         0  printf6.o ABSOLUTE
    ../clib/microlib/printf/printf.c         0x00000000   Number         0  printf7.o ABSOLUTE
    ../clib/microlib/printf/printf.c         0x00000000   Number         0  printf8.o ABSOLUTE
    ../clib/microlib/printf/printf.c         0x00000000   Number         0  printfa.o ABSOLUTE
    ../clib/microlib/printf/stubs.s          0x00000000   Number         0  printfstubs.o ABSOLUTE
    ../clib/microlib/stdio/streams.c         0x00000000   Number         0  stdout.o ABSOLUTE
    ../clib/microlib/string/memset.c         0x00000000   Number         0  memseta.o ABSOLUTE
    ../clib/microlib/stubs.s                 0x00000000   Number         0  iusefp.o ABSOLUTE
    ../fplib/microlib/fpadd.c                0x00000000   Number         0  dadd.o ABSOLUTE
    ../fplib/microlib/fpdiv.c                0x00000000   Number         0  ddiv.o ABSOLUTE
    ../fplib/microlib/fpepilogue.c           0x00000000   Number         0  depilogue.o ABSOLUTE
    ../fplib/microlib/fpfix.c                0x00000000   Number         0  dfixul.o ABSOLUTE
    ../fplib/microlib/fpmul.c                0x00000000   Number         0  dmul.o ABSOLUTE
    ..\..\Libraries\CMSIS\HK32F0301MxxC\Source\ARM\KEIL_Startup_hk32f0301mxxc.s 0x00000000   Number         0  keil_startup_hk32f0301mxxc.o ABSOLUTE
    cdrcmple.s                               0x00000000   Number         0  cdrcmple.o ABSOLUTE
    dc.s                                     0x00000000   Number         0  dc.o ABSOLUTE
    handlers.s                               0x00000000   Number         0  handlers.o ABSOLUTE
    hk32f0301mf4p7c_eval.c                   0x00000000   Number         0  hk32f0301mf4p7c_eval.o ABSOLUTE
    hk32f0301mf4p7c_eval_i2c_ee.c            0x00000000   Number         0  hk32f0301mf4p7c_eval_i2c_ee.o ABSOLUTE
    hk32f0301mf4p7c_eval_spi_flash.c         0x00000000   Number         0  hk32f0301mf4p7c_eval_spi_flash.o ABSOLUTE
    hk32f0301mxxc_adc.c                      0x00000000   Number         0  hk32f0301mxxc_adc.o ABSOLUTE
    hk32f0301mxxc_awut.c                     0x00000000   Number         0  hk32f0301mxxc_awut.o ABSOLUTE
    hk32f0301mxxc_crc.c                      0x00000000   Number         0  hk32f0301mxxc_crc.o ABSOLUTE
    hk32f0301mxxc_dbgmcu.c                   0x00000000   Number         0  hk32f0301mxxc_dbgmcu.o ABSOLUTE
    hk32f0301mxxc_exti.c                     0x00000000   Number         0  hk32f0301mxxc_exti.o ABSOLUTE
    hk32f0301mxxc_flash.c                    0x00000000   Number         0  hk32f0301mxxc_flash.o ABSOLUTE
    hk32f0301mxxc_gpio.c                     0x00000000   Number         0  hk32f0301mxxc_gpio.o ABSOLUTE
    hk32f0301mxxc_i2c.c                      0x00000000   Number         0  hk32f0301mxxc_i2c.o ABSOLUTE
    hk32f0301mxxc_it.c                       0x00000000   Number         0  hk32f0301mxxc_it.o ABSOLUTE
    hk32f0301mxxc_iwdg.c                     0x00000000   Number         0  hk32f0301mxxc_iwdg.o ABSOLUTE
    hk32f0301mxxc_misc.c                     0x00000000   Number         0  hk32f0301mxxc_misc.o ABSOLUTE
    hk32f0301mxxc_pwr.c                      0x00000000   Number         0  hk32f0301mxxc_pwr.o ABSOLUTE
    hk32f0301mxxc_rcc.c                      0x00000000   Number         0  hk32f0301mxxc_rcc.o ABSOLUTE
    hk32f0301mxxc_spi.c                      0x00000000   Number         0  hk32f0301mxxc_spi.o ABSOLUTE
    hk32f0301mxxc_syscfg.c                   0x00000000   Number         0  hk32f0301mxxc_syscfg.o ABSOLUTE
    hk32f0301mxxc_tim.c                      0x00000000   Number         0  hk32f0301mxxc_tim.o ABSOLUTE
    hk32f0301mxxc_uart.c                     0x00000000   Number         0  hk32f0301mxxc_uart.o ABSOLUTE
    hk32f0301mxxc_wwdg.c                     0x00000000   Number         0  hk32f0301mxxc_wwdg.o ABSOLUTE
    init.s                                   0x00000000   Number         0  init.o ABSOLUTE
    main.c                                   0x00000000   Number         0  main.o ABSOLUTE
    system_hk32f0301mxxc.c                   0x00000000   Number         0  system_hk32f0301mxxc.o ABSOLUTE
    RESET                                    0x08000000   Section      192  keil_startup_hk32f0301mxxc.o(RESET)
    .ARM.Collect$$$$00000000                 0x080000c0   Section        0  entry.o(.ARM.Collect$$$$00000000)
    .ARM.Collect$$$$00000001                 0x080000c0   Section        4  entry2.o(.ARM.Collect$$$$00000001)
    .ARM.Collect$$$$00000004                 0x080000c4   Section        4  entry5.o(.ARM.Collect$$$$00000004)
    .ARM.Collect$$$$00000008                 0x080000c8   Section        0  entry7b.o(.ARM.Collect$$$$00000008)
    .ARM.Collect$$$$0000000A                 0x080000c8   Section        0  entry8b.o(.ARM.Collect$$$$0000000A)
    .ARM.Collect$$$$0000000B                 0x080000c8   Section        8  entry9a.o(.ARM.Collect$$$$0000000B)
    __lit__00000000                          0x080000d0   Data           4  entry2.o(.ARM.Collect$$$$00002712)
    .ARM.Collect$$$$0000000D                 0x080000d0   Section        0  entry10a.o(.ARM.Collect$$$$0000000D)
    .ARM.Collect$$$$0000000F                 0x080000d0   Section        0  entry11a.o(.ARM.Collect$$$$0000000F)
    .ARM.Collect$$$$00002712                 0x080000d0   Section        4  entry2.o(.ARM.Collect$$$$00002712)
    .text                                    0x080000d4   Section       28  keil_startup_hk32f0301mxxc.o(.text)
    .text                                    0x080000f0   Section        0  memseta.o(.text)
    .text                                    0x08000114   Section        0  uidiv_div0.o(.text)
    .text                                    0x08000154   Section       36  init.o(.text)
    [Anonymous Symbol]                       0x08000178   Section        0  hk32f0301mxxc_gpio.o(.text.GPIO_IOMUX_ChangePin)
    __arm_cp.15_0                            0x080001e0   Number         4  hk32f0301mxxc_gpio.o(.text.GPIO_IOMUX_ChangePin)
    __arm_cp.15_1                            0x080001e4   Number         4  hk32f0301mxxc_gpio.o(.text.GPIO_IOMUX_ChangePin)
    [Anonymous Symbol]                       0x080001e8   Section        0  hk32f0301mxxc_gpio.o(.text.GPIO_Init)
    [Anonymous Symbol]                       0x080002f0   Section        0  hk32f0301mxxc_gpio.o(.text.GPIO_PinAFConfig)
    [Anonymous Symbol]                       0x0800030a   Section        0  hk32f0301mxxc_gpio.o(.text.GPIO_ReadInputDataBit)
    [Anonymous Symbol]                       0x08000314   Section        0  hk32f0301mxxc_gpio.o(.text.GPIO_WriteBit)
    [Anonymous Symbol]                       0x08000324   Section        0  hk32f0301mf4p7c_eval.o(.text.HK_EVAL_COMInit)
    __arm_cp.6_0                             0x08000390   Number         4  hk32f0301mf4p7c_eval.o(.text.HK_EVAL_COMInit)
    __arm_cp.6_1                             0x08000394   Number         4  hk32f0301mf4p7c_eval.o(.text.HK_EVAL_COMInit)
    [Anonymous Symbol]                       0x08000398   Section        0  hk32f0301mxxc_it.o(.text.HardFault_Handler)
    [Anonymous Symbol]                       0x0800039a   Section        0  hk32f0301mxxc_it.o(.text.NMI_Handler)
    [Anonymous Symbol]                       0x0800039c   Section        0  hk32f0301mxxc_it.o(.text.PendSV_Handler)
    [Anonymous Symbol]                       0x080003a0   Section        0  hk32f0301mxxc_rcc.o(.text.RCC_AHBPeriphClockCmd)
    __arm_cp.19_0                            0x080003b8   Number         4  hk32f0301mxxc_rcc.o(.text.RCC_AHBPeriphClockCmd)
    [Anonymous Symbol]                       0x080003bc   Section        0  hk32f0301mxxc_rcc.o(.text.RCC_APBPeriph2ClockCmd)
    __arm_cp.20_0                            0x080003d4   Number         4  hk32f0301mxxc_rcc.o(.text.RCC_APBPeriph2ClockCmd)
    [Anonymous Symbol]                       0x080003d8   Section        0  hk32f0301mxxc_rcc.o(.text.RCC_GetClocksFreq)
    __arm_cp.18_1                            0x080004e0   Number         4  hk32f0301mxxc_rcc.o(.text.RCC_GetClocksFreq)
    __arm_cp.18_2                            0x080004e4   Number         4  hk32f0301mxxc_rcc.o(.text.RCC_GetClocksFreq)
    __arm_cp.18_3                            0x080004e8   Number         4  hk32f0301mxxc_rcc.o(.text.RCC_GetClocksFreq)
    __arm_cp.18_4                            0x080004ec   Number         4  hk32f0301mxxc_rcc.o(.text.RCC_GetClocksFreq)
    __arm_cp.18_5                            0x080004f0   Number         4  hk32f0301mxxc_rcc.o(.text.RCC_GetClocksFreq)
    __arm_cp.18_6                            0x080004f4   Number         4  hk32f0301mxxc_rcc.o(.text.RCC_GetClocksFreq)
    __arm_cp.18_7                            0x080004f8   Number         4  hk32f0301mxxc_rcc.o(.text.RCC_GetClocksFreq)
    [Anonymous Symbol]                       0x080004fc   Section        0  hk32f0301mxxc_it.o(.text.SVC_Handler)
    [Anonymous Symbol]                       0x08000500   Section        0  main.o(.text.SysTick_Handler)
    __arm_cp.1_0                             0x0800054c   Number         4  main.o(.text.SysTick_Handler)
    [Anonymous Symbol]                       0x08000550   Section        0  system_hk32f0301mxxc.o(.text.SystemInit)
    __arm_cp.0_0                             0x080006bc   Number         4  system_hk32f0301mxxc.o(.text.SystemInit)
    __arm_cp.0_1                             0x080006c0   Number         4  system_hk32f0301mxxc.o(.text.SystemInit)
    __arm_cp.0_2                             0x080006c4   Number         4  system_hk32f0301mxxc.o(.text.SystemInit)
    __arm_cp.0_3                             0x080006c8   Number         4  system_hk32f0301mxxc.o(.text.SystemInit)
    __arm_cp.0_4                             0x080006cc   Number         4  system_hk32f0301mxxc.o(.text.SystemInit)
    __arm_cp.0_5                             0x080006d0   Number         4  system_hk32f0301mxxc.o(.text.SystemInit)
    __arm_cp.0_6                             0x080006d4   Number         4  system_hk32f0301mxxc.o(.text.SystemInit)
    __arm_cp.0_7                             0x080006d8   Number         4  system_hk32f0301mxxc.o(.text.SystemInit)
    __arm_cp.0_8                             0x080006dc   Number         4  system_hk32f0301mxxc.o(.text.SystemInit)
    [Anonymous Symbol]                       0x080006e0   Section        0  hk32f0301mxxc_tim.o(.text.TIM_ARRPreloadConfig)
    __arm_cp.11_0                            0x080006f8   Number         4  hk32f0301mxxc_tim.o(.text.TIM_ARRPreloadConfig)
    [Anonymous Symbol]                       0x080006fc   Section        0  hk32f0301mxxc_tim.o(.text.TIM_Cmd)
    __arm_cp.14_0                            0x08000714   Number         4  hk32f0301mxxc_tim.o(.text.TIM_Cmd)
    [Anonymous Symbol]                       0x08000718   Section        0  hk32f0301mxxc_tim.o(.text.TIM_CtrlPWMOutputs)
    __arm_cp.17_0                            0x08000730   Number         4  hk32f0301mxxc_tim.o(.text.TIM_CtrlPWMOutputs)
    [Anonymous Symbol]                       0x08000734   Section        0  hk32f0301mxxc_tim.o(.text.TIM_GenerateEvent)
    [Anonymous Symbol]                       0x08000738   Section        0  hk32f0301mxxc_tim.o(.text.TIM_OC2Init)
    __arm_cp.19_0                            0x080007a4   Number         4  hk32f0301mxxc_tim.o(.text.TIM_OC2Init)
    __arm_cp.19_2                            0x080007a8   Number         4  hk32f0301mxxc_tim.o(.text.TIM_OC2Init)
    __arm_cp.19_3                            0x080007ac   Number         4  hk32f0301mxxc_tim.o(.text.TIM_OC2Init)
    __arm_cp.19_4                            0x080007b0   Number         4  hk32f0301mxxc_tim.o(.text.TIM_OC2Init)
    [Anonymous Symbol]                       0x080007b4   Section        0  hk32f0301mxxc_tim.o(.text.TIM_OC2PreloadConfig)
    __arm_cp.34_0                            0x080007c4   Number         4  hk32f0301mxxc_tim.o(.text.TIM_OC2PreloadConfig)
    [Anonymous Symbol]                       0x080007c8   Section        0  hk32f0301mxxc_tim.o(.text.TIM_SetCompare2)
    [Anonymous Symbol]                       0x080007cc   Section        0  hk32f0301mxxc_tim.o(.text.TIM_TimeBaseInit)
    __arm_cp.1_0                             0x0800082c   Number         4  hk32f0301mxxc_tim.o(.text.TIM_TimeBaseInit)
    __arm_cp.1_1                             0x08000830   Number         4  hk32f0301mxxc_tim.o(.text.TIM_TimeBaseInit)
    __arm_cp.1_2                             0x08000834   Number         4  hk32f0301mxxc_tim.o(.text.TIM_TimeBaseInit)
    TM1729_SendByte                          0x08000839   Thumb Code   332  main.o(.text.TM1729_SendByte)
    [Anonymous Symbol]                       0x08000838   Section        0  main.o(.text.TM1729_SendByte)
    __arm_cp.13_0                            0x08000984   Number         4  main.o(.text.TM1729_SendByte)
    TM1729_SetNumAt                          0x08000989   Thumb Code   316  main.o(.text.TM1729_SetNumAt)
    [Anonymous Symbol]                       0x08000988   Section        0  main.o(.text.TM1729_SetNumAt)
    __arm_cp.10_0                            0x08000ac4   Number         4  main.o(.text.TM1729_SetNumAt)
    __arm_cp.10_1                            0x08000ac8   Number         4  main.o(.text.TM1729_SetNumAt)
    __arm_cp.10_3                            0x08000acc   Number         4  main.o(.text.TM1729_SetNumAt)
    __arm_cp.10_4                            0x08000ad0   Number         4  main.o(.text.TM1729_SetNumAt)
    __arm_cp.10_5                            0x08000ad4   Number         4  main.o(.text.TM1729_SetNumAt)
    __arm_cp.10_6                            0x08000ad8   Number         4  main.o(.text.TM1729_SetNumAt)
    __arm_cp.10_7                            0x08000adc   Number         4  main.o(.text.TM1729_SetNumAt)
    __arm_cp.10_8                            0x08000ae0   Number         4  main.o(.text.TM1729_SetNumAt)
    TM1729_ShowValueOnRange                  0x08000ae5   Thumb Code   184  main.o(.text.TM1729_ShowValueOnRange)
    [Anonymous Symbol]                       0x08000ae4   Section        0  main.o(.text.TM1729_ShowValueOnRange)
    __arm_cp.9_0                             0x08000b9c   Number         4  main.o(.text.TM1729_ShowValueOnRange)
    __arm_cp.9_1                             0x08000ba0   Number         4  main.o(.text.TM1729_ShowValueOnRange)
    __arm_cp.9_2                             0x08000ba4   Number         4  main.o(.text.TM1729_ShowValueOnRange)
    __arm_cp.9_3                             0x08000ba8   Number         4  main.o(.text.TM1729_ShowValueOnRange)
    __arm_cp.9_4                             0x08000bac   Number         4  main.o(.text.TM1729_ShowValueOnRange)
    TM1729_Start                             0x08000bb1   Thumb Code   168  main.o(.text.TM1729_Start)
    [Anonymous Symbol]                       0x08000bb0   Section        0  main.o(.text.TM1729_Start)
    __arm_cp.12_0                            0x08000c58   Number         4  main.o(.text.TM1729_Start)
    TM1729_Stop                              0x08000c5d   Thumb Code   220  main.o(.text.TM1729_Stop)
    [Anonymous Symbol]                       0x08000c5c   Section        0  main.o(.text.TM1729_Stop)
    __arm_cp.14_0                            0x08000d38   Number         4  main.o(.text.TM1729_Stop)
    TM1729_WriteBuffer                       0x08000d3d   Thumb Code   112  main.o(.text.TM1729_WriteBuffer)
    [Anonymous Symbol]                       0x08000d3c   Section        0  main.o(.text.TM1729_WriteBuffer)
    __arm_cp.11_0                            0x08000dac   Number         4  main.o(.text.TM1729_WriteBuffer)
    Task_App                                 0x08000db1   Thumb Code   944  main.o(.text.Task_App)
    [Anonymous Symbol]                       0x08000db0   Section        0  main.o(.text.Task_App)
    __arm_cp.4_0                             0x08001160   Number         4  main.o(.text.Task_App)
    __arm_cp.4_1                             0x08001164   Number         4  main.o(.text.Task_App)
    __arm_cp.4_2                             0x08001168   Number         4  main.o(.text.Task_App)
    Task_Encoder                             0x0800116d   Thumb Code   252  main.o(.text.Task_Encoder)
    [Anonymous Symbol]                       0x0800116c   Section        0  main.o(.text.Task_Encoder)
    __arm_cp.3_0                             0x08001268   Number         4  main.o(.text.Task_Encoder)
    __arm_cp.3_1                             0x0800126c   Number         4  main.o(.text.Task_Encoder)
    __arm_cp.3_2                             0x08001270   Number         4  main.o(.text.Task_Encoder)
    Task_Encoder.transition                  0x08001274   Number         0  main.o(.text.Task_Encoder)
    __arm_cp.3_5                             0x08001284   Number         4  main.o(.text.Task_Encoder)
    __arm_cp.3_6                             0x08001288   Number         4  main.o(.text.Task_Encoder)
    Task_Idle                                0x0800128d   Thumb Code    40  main.o(.text.Task_Idle)
    [Anonymous Symbol]                       0x0800128c   Section        0  main.o(.text.Task_Idle)
    __arm_cp.8_1                             0x080012b4   Number         4  main.o(.text.Task_Idle)
    Task_PWM                                 0x080012b9   Thumb Code   116  main.o(.text.Task_PWM)
    [Anonymous Symbol]                       0x080012b8   Section        0  main.o(.text.Task_PWM)
    __arm_cp.5_0                             0x0800132c   Number         4  main.o(.text.Task_PWM)
    __arm_cp.5_2                             0x08001330   Number         4  main.o(.text.Task_PWM)
    Task_Print                               0x08001335   Thumb Code   316  main.o(.text.Task_Print)
    [Anonymous Symbol]                       0x08001334   Section        0  main.o(.text.Task_Print)
    __arm_cp.6_0                             0x08001470   Number         4  main.o(.text.Task_Print)
    __arm_cp.6_1                             0x08001474   Number         4  main.o(.text.Task_Print)
    __arm_cp.6_2                             0x08001478   Number         4  main.o(.text.Task_Print)
    __arm_cp.6_10                            0x080014c4   Number         4  main.o(.text.Task_Print)
    __arm_cp.6_11                            0x080014c8   Number         4  main.o(.text.Task_Print)
    __arm_cp.6_12                            0x080014cc   Number         4  main.o(.text.Task_Print)
    __arm_cp.6_13                            0x080014d0   Number         4  main.o(.text.Task_Print)
    __arm_cp.6_14                            0x080014d4   Number         4  main.o(.text.Task_Print)
    __arm_cp.6_15                            0x080014d8   Number         4  main.o(.text.Task_Print)
    Task_TM1729                              0x080014dd   Thumb Code   296  main.o(.text.Task_TM1729)
    [Anonymous Symbol]                       0x080014dc   Section        0  main.o(.text.Task_TM1729)
    __arm_cp.7_0                             0x08001604   Number         4  main.o(.text.Task_TM1729)
    __arm_cp.7_1                             0x08001608   Number         4  main.o(.text.Task_TM1729)
    [Anonymous Symbol]                       0x0800160c   Section        0  hk32f0301mxxc_uart.o(.text.UART_Cmd)
    [Anonymous Symbol]                       0x0800161c   Section        0  hk32f0301mxxc_uart.o(.text.UART_GetFlagStatus)
    [Anonymous Symbol]                       0x08001628   Section        0  hk32f0301mxxc_uart.o(.text.UART_Init)
    __arm_cp.1_0                             0x080016d8   Number         4  hk32f0301mxxc_uart.o(.text.UART_Init)
    __arm_cp.1_1                             0x080016dc   Number         4  hk32f0301mxxc_uart.o(.text.UART_Init)
    __arm_cp.1_3                             0x080016e0   Number         4  hk32f0301mxxc_uart.o(.text.UART_Init)
    [Anonymous Symbol]                       0x080016e4   Section        0  hk32f0301mxxc_uart.o(.text.UART_SendData)
    __arm_cp.10_0                            0x080016ec   Number         4  hk32f0301mxxc_uart.o(.text.UART_SendData)
    [Anonymous Symbol]                       0x080016f0   Section        0  main.o(.text.fputc)
    [Anonymous Symbol]                       0x08001710   Section        0  main.o(.text.main)
    __arm_cp.0_0                             0x08001960   Number         4  main.o(.text.main)
    __arm_cp.0_1                             0x08001964   Number         4  main.o(.text.main)
    __arm_cp.0_2                             0x08001968   Number         4  main.o(.text.main)
    __arm_cp.0_3                             0x0800196c   Number         4  main.o(.text.main)
    __arm_cp.0_4                             0x08001970   Number         4  main.o(.text.main)
    __arm_cp.0_5                             0x08001974   Number         4  main.o(.text.main)
    __arm_cp.0_6                             0x08001978   Number         4  main.o(.text.main)
    __arm_cp.0_7                             0x0800197c   Number         4  main.o(.text.main)
    __arm_cp.0_8                             0x08001980   Number         4  main.o(.text.main)
    __arm_cp.0_9                             0x08001984   Number         4  main.o(.text.main)
    __arm_cp.0_10                            0x08001988   Number         4  main.o(.text.main)
    __arm_cp.0_11                            0x0800198c   Number         4  main.o(.text.main)
    __arm_cp.0_12                            0x08001990   Number         4  main.o(.text.main)
    __arm_cp.0_13                            0x08001994   Number         4  main.o(.text.main)
    __arm_cp.0_14                            0x08001998   Number         4  main.o(.text.main)
    __arm_cp.0_15                            0x0800199c   Number         4  main.o(.text.main)
    __arm_cp.0_16                            0x080019a0   Number         4  main.o(.text.main)
    __arm_cp.0_17                            0x080019a4   Number         4  main.o(.text.main)
    __arm_cp.0_18                            0x080019a8   Number         4  main.o(.text.main)
    __arm_cp.0_19                            0x080019ac   Number         4  main.o(.text.main)
    __arm_cp.0_20                            0x080019b0   Number         4  main.o(.text.main)
    __arm_cp.0_21                            0x080019b4   Number         4  main.o(.text.main)
    __arm_cp.0_25                            0x08001a30   Number         4  main.o(.text.main)
    __arm_cp.0_26                            0x08001a34   Number         4  main.o(.text.main)
    i.__0printf$6                            0x08001a38   Section        0  printf6.o(i.__0printf$6)
    i.__scatterload_copy                     0x08001a58   Section       14  handlers.o(i.__scatterload_copy)
    i.__scatterload_null                     0x08001a66   Section        2  handlers.o(i.__scatterload_null)
    i.__scatterload_zeroinit                 0x08001a68   Section       14  handlers.o(i.__scatterload_zeroinit)
    _printf_core                             0x08001a79   Thumb Code   768  printf6.o(i._printf_core)
    i._printf_core                           0x08001a78   Section        0  printf6.o(i._printf_core)
    _printf_post_padding                     0x08001d7d   Thumb Code    32  printf6.o(i._printf_post_padding)
    i._printf_post_padding                   0x08001d7c   Section        0  printf6.o(i._printf_post_padding)
    _printf_pre_padding                      0x08001d9d   Thumb Code    44  printf6.o(i._printf_pre_padding)
    i._printf_pre_padding                    0x08001d9c   Section        0  printf6.o(i._printf_pre_padding)
    [Anonymous Symbol]                       0x08001e13   Section        0  main.o(.rodata.str1.1)
    .data                                    0x20000000   Section        4  stdout.o(.data)
    ConfigMin                                0x20000004   Data           1  main.o(.data..L_MergedGlobals)
    [Anonymous Symbol]                       0x20000004   Section        0  main.o(.data..L_MergedGlobals)
    Task_Encoder.prevAB                      0x20000005   Data           1  main.o(.data..L_MergedGlobals)
    Task_Encoder.keyStable                   0x20000006   Data           1  main.o(.data..L_MergedGlobals)
    KeyPressedState                          0x20000007   Data           1  main.o(.data..L_MergedGlobals)
    BlinkVisible                             0x20000008   Data           1  main.o(.data..L_MergedGlobals)
    DutyChanged                              0x20000009   Data           1  main.o(.data..L_MergedGlobals)
    EditMin                                  0x2000000a   Data           1  main.o(.data..L_MergedGlobals)
    CountdownSec                             0x2000000c   Data           2  main.o(.data..L_MergedGlobals)
    tasks                                    0x20000010   Data          48  main.o(.data..L_MergedGlobals)
    [Anonymous Symbol]                       0x20000040   Section        0  hk32f0301mf4p7c_eval.o(.data..L_MergedGlobals)
    ConfigSec                                0x20000050   Data           1  main.o(.bss..L_MergedGlobals.24)
    [Anonymous Symbol]                       0x20000050   Section        0  main.o(.bss..L_MergedGlobals.24)
    Task_Encoder.stepAcc                     0x20000051   Data           1  main.o(.bss..L_MergedGlobals.24)
    Task_Encoder.keyDebounce                 0x20000052   Data           1  main.o(.bss..L_MergedGlobals.24)
    Task_Encoder.longFired                   0x20000053   Data           1  main.o(.bss..L_MergedGlobals.24)
    EncDeltaPending                          0x20000054   Data           1  main.o(.bss..L_MergedGlobals.24)
    KeyShortPressEvent                       0x20000055   Data           1  main.o(.bss..L_MergedGlobals.24)
    KeyLongPressEvent                        0x20000056   Data           1  main.o(.bss..L_MergedGlobals.24)
    AppMode                                  0x20000057   Data           1  main.o(.bss..L_MergedGlobals.24)
    MotorSpeedPercent                        0x20000058   Data           1  main.o(.bss..L_MergedGlobals.24)
    EditSpeedPercent                         0x20000059   Data           1  main.o(.bss..L_MergedGlobals.24)
    ConfigSpeedPercent                       0x2000005a   Data           1  main.o(.bss..L_MergedGlobals.24)
    EditSec                                  0x2000005b   Data           1  main.o(.bss..L_MergedGlobals.24)
    SettingField                             0x2000005c   Data           1  main.o(.bss..L_MergedGlobals.24)
    AppModeBeforeSetting                     0x2000005d   Data           1  main.o(.bss..L_MergedGlobals.24)
    Task_Encoder.keyPressMs                  0x2000005e   Data           2  main.o(.bss..L_MergedGlobals.24)
    BlinkElapsedMs                           0x20000060   Data           2  main.o(.bss..L_MergedGlobals.24)
    SettingIdleElapsedMs                     0x20000062   Data           2  main.o(.bss..L_MergedGlobals.24)
    CurrentDutyPermille                      0x20000064   Data           2  main.o(.bss..L_MergedGlobals.24)
    PWMPeriod                                0x20000066   Data           2  main.o(.bss..L_MergedGlobals.24)
    EncoderPosition                          0x20000068   Data           4  main.o(.bss..L_MergedGlobals.24)
    TM1729_BitBuf                            0x2000006c   Data          14  main.o(.bss..L_MergedGlobals.24)
    STACK                                    0x20000080   Section      512  keil_startup_hk32f0301mxxc.o(STACK)

    Global Symbols

    Symbol Name                              Value     Ov Type        Size  Object(Section)

    BuildAttributes$$THM_ISAv3M$S$PE$A:L22$X:L11$S22$IEEE1$IW$~IW$USESV6$~STKCKD$USESV7$~SHL$OTIME$ROPI$EBA8$MICROLIB$REQ8$PRES8$EABIv2 0x00000000   Number         0  anon$$obj.o ABSOLUTE
    _printf_a                                0x00000000   Number         0  printfstubs.o ABSOLUTE
    _printf_c                                0x00000000   Number         0  printfstubs.o ABSOLUTE
    _printf_charcount                        0x00000000   Number         0  printfstubs.o ABSOLUTE
    _printf_d                                0x00000000   Number         0  printfstubs.o ABSOLUTE
    _printf_e                                0x00000000   Number         0  printfstubs.o ABSOLUTE
    _printf_f                                0x00000000   Number         0  printfstubs.o ABSOLUTE
    _printf_flags                            0x00000000   Number         0  printfstubs.o ABSOLUTE
    _printf_fp_dec                           0x00000000   Number         0  printfstubs.o ABSOLUTE
    _printf_fp_hex                           0x00000000   Number         0  printfstubs.o ABSOLUTE
    _printf_g                                0x00000000   Number         0  printfstubs.o ABSOLUTE
    _printf_i                                0x00000000   Number         0  printfstubs.o ABSOLUTE
    _printf_int_dec                          0x00000000   Number         0  printfstubs.o ABSOLUTE
    _printf_l                                0x00000000   Number         0  printfstubs.o ABSOLUTE
    _printf_lc                               0x00000000   Number         0  printfstubs.o ABSOLUTE
    _printf_ll                               0x00000000   Number         0  printfstubs.o ABSOLUTE
    _printf_lld                              0x00000000   Number         0  printfstubs.o ABSOLUTE
    _printf_lli                              0x00000000   Number         0  printfstubs.o ABSOLUTE
    _printf_llo                              0x00000000   Number         0  printfstubs.o ABSOLUTE
    _printf_llu                              0x00000000   Number         0  printfstubs.o ABSOLUTE
    _printf_llx                              0x00000000   Number         0  printfstubs.o ABSOLUTE
    _printf_longlong_dec                     0x00000000   Number         0  printfstubs.o ABSOLUTE
    _printf_longlong_hex                     0x00000000   Number         0  printfstubs.o ABSOLUTE
    _printf_longlong_oct                     0x00000000   Number         0  printfstubs.o ABSOLUTE
    _printf_ls                               0x00000000   Number         0  printfstubs.o ABSOLUTE
    _printf_mbtowc                           0x00000000   Number         0  printfstubs.o ABSOLUTE
    _printf_n                                0x00000000   Number         0  printfstubs.o ABSOLUTE
    _printf_o                                0x00000000   Number         0  printfstubs.o ABSOLUTE
    _printf_p                                0x00000000   Number         0  printfstubs.o ABSOLUTE
    _printf_percent                          0x00000000   Number         0  printfstubs.o ABSOLUTE
    _printf_pre_padding                      0x00000000   Number         0  printfstubs.o ABSOLUTE
    _printf_return_value                     0x00000000   Number         0  printfstubs.o ABSOLUTE
    _printf_s                                0x00000000   Number         0  printfstubs.o ABSOLUTE
    _printf_sizespec                         0x00000000   Number         0  printfstubs.o ABSOLUTE
    _printf_str                              0x00000000   Number         0  printfstubs.o ABSOLUTE
    _printf_truncate_signed                  0x00000000   Number         0  printfstubs.o ABSOLUTE
    _printf_truncate_unsigned                0x00000000   Number         0  printfstubs.o ABSOLUTE
    _printf_u                                0x00000000   Number         0  printfstubs.o ABSOLUTE
    _printf_wc                               0x00000000   Number         0  printfstubs.o ABSOLUTE
    _printf_wctomb                           0x00000000   Number         0  printfstubs.o ABSOLUTE
    _printf_widthprec                        0x00000000   Number         0  printfstubs.o ABSOLUTE
    _printf_x                                0x00000000   Number         0  printfstubs.o ABSOLUTE
    __cpp_initialize__aeabi_                  - Undefined Weak Reference
    __cxa_finalize                            - Undefined Weak Reference
    __decompress                              - Undefined Weak Reference
    _clock_init                               - Undefined Weak Reference
    _microlib_exit                            - Undefined Weak Reference
    __Vectors_Size                           0x000000c0   Number         0  keil_startup_hk32f0301mxxc.o ABSOLUTE
    __Vectors                                0x08000000   Data           4  keil_startup_hk32f0301mxxc.o(RESET)
    __Vectors_End                            0x080000c0   Data           0  keil_startup_hk32f0301mxxc.o(RESET)
    __main                                   0x080000c1   Thumb Code     0  entry.o(.ARM.Collect$$$$00000000)
    _main_stk                                0x080000c1   Thumb Code     0  entry2.o(.ARM.Collect$$$$00000001)
    _main_scatterload                        0x080000c5   Thumb Code     0  entry5.o(.ARM.Collect$$$$00000004)
    __main_after_scatterload                 0x080000c9   Thumb Code     0  entry5.o(.ARM.Collect$$$$00000004)
    _main_clock                              0x080000c9   Thumb Code     0  entry7b.o(.ARM.Collect$$$$00000008)
    _main_cpp_init                           0x080000c9   Thumb Code     0  entry8b.o(.ARM.Collect$$$$0000000A)
    _main_init                               0x080000c9   Thumb Code     0  entry9a.o(.ARM.Collect$$$$0000000B)
    __rt_final_cpp                           0x080000d1   Thumb Code     0  entry10a.o(.ARM.Collect$$$$0000000D)
    __rt_final_exit                          0x080000d1   Thumb Code     0  entry11a.o(.ARM.Collect$$$$0000000F)
    Reset_Handler                            0x080000d5   Thumb Code     8  keil_startup_hk32f0301mxxc.o(.text)
    ADC1_IRQHandler                          0x080000e7   Thumb Code     0  keil_startup_hk32f0301mxxc.o(.text)
    EXTI0_IRQHandler                         0x080000e7   Thumb Code     0  keil_startup_hk32f0301mxxc.o(.text)
    EXTI11_IRQHandler                        0x080000e7   Thumb Code     0  keil_startup_hk32f0301mxxc.o(.text)
    EXTI1_IRQHandler                         0x080000e7   Thumb Code     0  keil_startup_hk32f0301mxxc.o(.text)
    EXTI2_IRQHandler                         0x080000e7   Thumb Code     0  keil_startup_hk32f0301mxxc.o(.text)
    EXTI3_IRQHandler                         0x080000e7   Thumb Code     0  keil_startup_hk32f0301mxxc.o(.text)
    EXTI4_IRQHandler                         0x080000e7   Thumb Code     0  keil_startup_hk32f0301mxxc.o(.text)
    EXTI5_IRQHandler                         0x080000e7   Thumb Code     0  keil_startup_hk32f0301mxxc.o(.text)
    EXTI6_IRQHandler                         0x080000e7   Thumb Code     0  keil_startup_hk32f0301mxxc.o(.text)
    EXTI7_IRQHandler                         0x080000e7   Thumb Code     0  keil_startup_hk32f0301mxxc.o(.text)
    FLASH_IRQHandler                         0x080000e7   Thumb Code     0  keil_startup_hk32f0301mxxc.o(.text)
    I2C1_IRQHandler                          0x080000e7   Thumb Code     0  keil_startup_hk32f0301mxxc.o(.text)
    RCC_IRQHandler                           0x080000e7   Thumb Code     0  keil_startup_hk32f0301mxxc.o(.text)
    SPI1_IRQHandler                          0x080000e7   Thumb Code     0  keil_startup_hk32f0301mxxc.o(.text)
    TIM1_BRK_IRQHandler                      0x080000e7   Thumb Code     0  keil_startup_hk32f0301mxxc.o(.text)
    TIM1_CC_IRQHandler                       0x080000e7   Thumb Code     0  keil_startup_hk32f0301mxxc.o(.text)
    TIM1_UP_TRG_COM_IRQHandler               0x080000e7   Thumb Code     0  keil_startup_hk32f0301mxxc.o(.text)
    TIM2_IRQHandler                          0x080000e7   Thumb Code     0  keil_startup_hk32f0301mxxc.o(.text)
    TIM6_IRQHandler                          0x080000e7   Thumb Code     0  keil_startup_hk32f0301mxxc.o(.text)
    UART1_IRQHandler                         0x080000e7   Thumb Code     0  keil_startup_hk32f0301mxxc.o(.text)
    UART2_IRQHandler                         0x080000e7   Thumb Code     0  keil_startup_hk32f0301mxxc.o(.text)
    UART3_IRQHandler                         0x080000e7   Thumb Code     0  keil_startup_hk32f0301mxxc.o(.text)
    UART4_IRQHandler                         0x080000e7   Thumb Code     0  keil_startup_hk32f0301mxxc.o(.text)
    WWDG_IRQHandler                          0x080000e7   Thumb Code     0  keil_startup_hk32f0301mxxc.o(.text)
    __aeabi_memset                           0x080000f1   Thumb Code    14  memseta.o(.text)
    __aeabi_memset4                          0x080000f1   Thumb Code     0  memseta.o(.text)
    __aeabi_memset8                          0x080000f1   Thumb Code     0  memseta.o(.text)
    __aeabi_memclr                           0x080000ff   Thumb Code     4  memseta.o(.text)
    __aeabi_memclr4                          0x080000ff   Thumb Code     0  memseta.o(.text)
    __aeabi_memclr8                          0x080000ff   Thumb Code     0  memseta.o(.text)
    _memset$wrapper                          0x08000103   Thumb Code    18  memseta.o(.text)
    __aeabi_uidiv                            0x08000115   Thumb Code     0  uidiv_div0.o(.text)
    __aeabi_uidivmod                         0x08000115   Thumb Code    62  uidiv_div0.o(.text)
    __scatterload                            0x08000155   Thumb Code    28  init.o(.text)
    __scatterload_rt2                        0x08000155   Thumb Code     0  init.o(.text)
    GPIO_IOMUX_ChangePin                     0x08000179   Thumb Code   104  hk32f0301mxxc_gpio.o(.text.GPIO_IOMUX_ChangePin)
    GPIO_Init                                0x080001e9   Thumb Code   264  hk32f0301mxxc_gpio.o(.text.GPIO_Init)
    GPIO_PinAFConfig                         0x080002f1   Thumb Code    26  hk32f0301mxxc_gpio.o(.text.GPIO_PinAFConfig)
    GPIO_ReadInputDataBit                    0x0800030b   Thumb Code    10  hk32f0301mxxc_gpio.o(.text.GPIO_ReadInputDataBit)
    GPIO_WriteBit                            0x08000315   Thumb Code    16  hk32f0301mxxc_gpio.o(.text.GPIO_WriteBit)
    HK_EVAL_COMInit                          0x08000325   Thumb Code   108  hk32f0301mf4p7c_eval.o(.text.HK_EVAL_COMInit)
    HardFault_Handler                        0x08000399   Thumb Code     2  hk32f0301mxxc_it.o(.text.HardFault_Handler)
    NMI_Handler                              0x0800039b   Thumb Code     2  hk32f0301mxxc_it.o(.text.NMI_Handler)
    PendSV_Handler                           0x0800039d   Thumb Code     2  hk32f0301mxxc_it.o(.text.PendSV_Handler)
    RCC_AHBPeriphClockCmd                    0x080003a1   Thumb Code    24  hk32f0301mxxc_rcc.o(.text.RCC_AHBPeriphClockCmd)
    RCC_APBPeriph2ClockCmd                   0x080003bd   Thumb Code    24  hk32f0301mxxc_rcc.o(.text.RCC_APBPeriph2ClockCmd)
    RCC_GetClocksFreq                        0x080003d9   Thumb Code   264  hk32f0301mxxc_rcc.o(.text.RCC_GetClocksFreq)
    SVC_Handler                              0x080004fd   Thumb Code     2  hk32f0301mxxc_it.o(.text.SVC_Handler)
    SysTick_Handler                          0x08000501   Thumb Code    76  main.o(.text.SysTick_Handler)
    SystemInit                               0x08000551   Thumb Code   364  system_hk32f0301mxxc.o(.text.SystemInit)
    TIM_ARRPreloadConfig                     0x080006e1   Thumb Code    24  hk32f0301mxxc_tim.o(.text.TIM_ARRPreloadConfig)
    TIM_Cmd                                  0x080006fd   Thumb Code    24  hk32f0301mxxc_tim.o(.text.TIM_Cmd)
    TIM_CtrlPWMOutputs                       0x08000719   Thumb Code    24  hk32f0301mxxc_tim.o(.text.TIM_CtrlPWMOutputs)
    TIM_GenerateEvent                        0x08000735   Thumb Code     4  hk32f0301mxxc_tim.o(.text.TIM_GenerateEvent)
    TIM_OC2Init                              0x08000739   Thumb Code   108  hk32f0301mxxc_tim.o(.text.TIM_OC2Init)
    TIM_OC2PreloadConfig                     0x080007b5   Thumb Code    16  hk32f0301mxxc_tim.o(.text.TIM_OC2PreloadConfig)
    TIM_SetCompare2                          0x080007c9   Thumb Code     4  hk32f0301mxxc_tim.o(.text.TIM_SetCompare2)
    TIM_TimeBaseInit                         0x080007cd   Thumb Code    96  hk32f0301mxxc_tim.o(.text.TIM_TimeBaseInit)
    UART_Cmd                                 0x0800160d   Thumb Code    16  hk32f0301mxxc_uart.o(.text.UART_Cmd)
    UART_GetFlagStatus                       0x0800161d   Thumb Code    10  hk32f0301mxxc_uart.o(.text.UART_GetFlagStatus)
    UART_Init                                0x08001629   Thumb Code   176  hk32f0301mxxc_uart.o(.text.UART_Init)
    UART_SendData                            0x080016e5   Thumb Code     8  hk32f0301mxxc_uart.o(.text.UART_SendData)
    fputc                                    0x080016f1   Thumb Code    32  main.o(.text.fputc)
    main                                     0x08001711   Thumb Code   592  main.o(.text.main)
    __0printf$6                              0x08001a39   Thumb Code    24  printf6.o(i.__0printf$6)
    __1printf$6                              0x08001a39   Thumb Code     0  printf6.o(i.__0printf$6)
    __2printf                                0x08001a39   Thumb Code     0  printf6.o(i.__0printf$6)
    __scatterload_copy                       0x08001a59   Thumb Code    14  handlers.o(i.__scatterload_copy)
    __scatterload_null                       0x08001a67   Thumb Code     2  handlers.o(i.__scatterload_null)
    __scatterload_zeroinit                   0x08001a69   Thumb Code    14  handlers.o(i.__scatterload_zeroinit)
    AHBPrescTable                            0x08001dc8   Data          32  hk32f0301mxxc_rcc.o(.rodata.AHBPrescTable)
    APBPrescTable                            0x08001de8   Data           8  hk32f0301mxxc_rcc.o(.rodata.APBPrescTable)
    LCD_NumPos                               0x08001df0   Data          35  main.o(.rodata.LCD_NumPos)
    Region$$Table$$Base                      0x08002020   Number         0  anon$$obj.o(Region$$Table)
    Region$$Table$$Limit                     0x08002040   Number         0  anon$$obj.o(Region$$Table)
    __stdout                                 0x20000000   Data           4  stdout.o(.data)
    COM_UART                                 0x20000040   Data           4  hk32f0301mf4p7c_eval.o(.data..L_MergedGlobals)
    COM_TX_PORT                              0x20000044   Data           4  hk32f0301mf4p7c_eval.o(.data..L_MergedGlobals)
    COM_RX_PORT                              0x20000048   Data           4  hk32f0301mf4p7c_eval.o(.data..L_MergedGlobals)
    SystemCoreClock                          0x2000004c   Data           4  system_hk32f0301mxxc.o(.data.SystemCoreClock)
    __initial_sp                             0x20000280   Data           0  keil_startup_hk32f0301mxxc.o(STACK)



==============================================================================

Memory Map of the image

  Image Entry point : 0x080000c1

  Load Region LR_IROM1 (Base: 0x08000000, Size: 0x00002090, Max: 0x00004000, ABSOLUTE)

    Execution Region ER_IROM1 (Exec base: 0x08000000, Load base: 0x08000000, Size: 0x00002040, Max: 0x00004000, ABSOLUTE)

    Exec Addr    Load Addr    Size         Type   Attr      Idx    E Section Name        Object

    0x08000000   0x08000000   0x000000c0   Data   RO           16    RESET               keil_startup_hk32f0301mxxc.o
    0x080000c0   0x080000c0   0x00000000   Code   RO         1000  * .ARM.Collect$$$$00000000  mc_p.l(entry.o)
    0x080000c0   0x080000c0   0x00000004   Code   RO         1272    .ARM.Collect$$$$00000001  mc_p.l(entry2.o)
    0x080000c4   0x080000c4   0x00000004   Code   RO         1275    .ARM.Collect$$$$00000004  mc_p.l(entry5.o)
    0x080000c8   0x080000c8   0x00000000   Code   RO         1277    .ARM.Collect$$$$00000008  mc_p.l(entry7b.o)
    0x080000c8   0x080000c8   0x00000000   Code   RO         1279    .ARM.Collect$$$$0000000A  mc_p.l(entry8b.o)
    0x080000c8   0x080000c8   0x00000008   Code   RO         1280    .ARM.Collect$$$$0000000B  mc_p.l(entry9a.o)
    0x080000d0   0x080000d0   0x00000000   Code   RO         1282    .ARM.Collect$$$$0000000D  mc_p.l(entry10a.o)
    0x080000d0   0x080000d0   0x00000000   Code   RO         1284    .ARM.Collect$$$$0000000F  mc_p.l(entry11a.o)
    0x080000d0   0x080000d0   0x00000004   Code   RO         1273    .ARM.Collect$$$$00002712  mc_p.l(entry2.o)
    0x080000d4   0x080000d4   0x0000001c   Code   RO           17    .text               keil_startup_hk32f0301mxxc.o
    0x080000f0   0x080000f0   0x00000024   Code   RO         1009    .text               mc_p.l(memseta.o)
    0x08000114   0x08000114   0x0000003e   Code   RO         1291    .text               mc_p.l(uidiv_div0.o)
    0x08000152   0x08000152   0x00000002   PAD
    0x08000154   0x08000154   0x00000024   Code   RO         1310    .text               mc_p.l(init.o)
    0x08000178   0x08000178   0x00000070   Code   RO          330    .text.GPIO_IOMUX_ChangePin  hk32f0301mxxc_gpio.o
    0x080001e8   0x080001e8   0x00000108   Code   RO          302    .text.GPIO_Init     hk32f0301mxxc_gpio.o
    0x080002f0   0x080002f0   0x0000001a   Code   RO          326    .text.GPIO_PinAFConfig  hk32f0301mxxc_gpio.o
    0x0800030a   0x0800030a   0x0000000a   Code   RO          308    .text.GPIO_ReadInputDataBit  hk32f0301mxxc_gpio.o
    0x08000314   0x08000314   0x00000010   Code   RO          320    .text.GPIO_WriteBit  hk32f0301mxxc_gpio.o
    0x08000324   0x08000324   0x00000074   Code   RO          902    .text.HK_EVAL_COMInit  hk32f0301mf4p7c_eval.o
    0x08000398   0x08000398   0x00000002   Code   RO           69    .text.HardFault_Handler  hk32f0301mxxc_it.o
    0x0800039a   0x0800039a   0x00000002   Code   RO           67    .text.NMI_Handler   hk32f0301mxxc_it.o
    0x0800039c   0x0800039c   0x00000002   Code   RO           73    .text.PendSV_Handler  hk32f0301mxxc_it.o
    0x0800039e   0x0800039e   0x00000002   PAD
    0x080003a0   0x080003a0   0x0000001c   Code   RO          522    .text.RCC_AHBPeriphClockCmd  hk32f0301mxxc_rcc.o
    0x080003bc   0x080003bc   0x0000001c   Code   RO          524    .text.RCC_APBPeriph2ClockCmd  hk32f0301mxxc_rcc.o
    0x080003d8   0x080003d8   0x00000124   Code   RO          520    .text.RCC_GetClocksFreq  hk32f0301mxxc_rcc.o
    0x080004fc   0x080004fc   0x00000002   Code   RO           71    .text.SVC_Handler   hk32f0301mxxc_it.o
    0x080004fe   0x080004fe   0x00000002   PAD
    0x08000500   0x08000500   0x00000050   Code   RO           26    .text.SysTick_Handler  main.o
    0x08000550   0x08000550   0x00000190   Code   RO            2    .text.SystemInit    system_hk32f0301mxxc.o
    0x080006e0   0x080006e0   0x0000001c   Code   RO          652    .text.TIM_ARRPreloadConfig  hk32f0301mxxc_tim.o
    0x080006fc   0x080006fc   0x0000001c   Code   RO          658    .text.TIM_Cmd       hk32f0301mxxc_tim.o
    0x08000718   0x08000718   0x0000001c   Code   RO          664    .text.TIM_CtrlPWMOutputs  hk32f0301mxxc_tim.o
    0x08000734   0x08000734   0x00000004   Code   RO          766    .text.TIM_GenerateEvent  hk32f0301mxxc_tim.o
    0x08000738   0x08000738   0x0000007c   Code   RO          668    .text.TIM_OC2Init   hk32f0301mxxc_tim.o
    0x080007b4   0x080007b4   0x00000014   Code   RO          698    .text.TIM_OC2PreloadConfig  hk32f0301mxxc_tim.o
    0x080007c8   0x080007c8   0x00000004   Code   RO          680    .text.TIM_SetCompare2  hk32f0301mxxc_tim.o
    0x080007cc   0x080007cc   0x0000006c   Code   RO          632    .text.TIM_TimeBaseInit  hk32f0301mxxc_tim.o
    0x08000838   0x08000838   0x00000150   Code   RO           50    .text.TM1729_SendByte  main.o
    0x08000988   0x08000988   0x0000015c   Code   RO           44    .text.TM1729_SetNumAt  main.o
    0x08000ae4   0x08000ae4   0x000000cc   Code   RO           42    .text.TM1729_ShowValueOnRange  main.o
    0x08000bb0   0x08000bb0   0x000000ac   Code   RO           48    .text.TM1729_Start  main.o
    0x08000c5c   0x08000c5c   0x000000e0   Code   RO           52    .text.TM1729_Stop   main.o
    0x08000d3c   0x08000d3c   0x00000074   Code   RO           46    .text.TM1729_WriteBuffer  main.o
    0x08000db0   0x08000db0   0x000003bc   Code   RO           32    .text.Task_App      main.o
    0x0800116c   0x0800116c   0x00000120   Code   RO           30    .text.Task_Encoder  main.o
    0x0800128c   0x0800128c   0x0000002c   Code   RO           40    .text.Task_Idle     main.o
    0x080012b8   0x080012b8   0x0000007c   Code   RO           34    .text.Task_PWM      main.o
    0x08001334   0x08001334   0x000001a8   Code   RO           36    .text.Task_Print    main.o
    0x080014dc   0x080014dc   0x00000130   Code   RO           38    .text.Task_TM1729   main.o
    0x0800160c   0x0800160c   0x00000010   Code   RO          816    .text.UART_Cmd      hk32f0301mxxc_uart.o
    0x0800161c   0x0800161c   0x0000000a   Code   RO          850    .text.UART_GetFlagStatus  hk32f0301mxxc_uart.o
    0x08001626   0x08001626   0x00000002   PAD
    0x08001628   0x08001628   0x000000bc   Code   RO          812    .text.UART_Init     hk32f0301mxxc_uart.o
    0x080016e4   0x080016e4   0x0000000c   Code   RO          830    .text.UART_SendData  hk32f0301mxxc_uart.o
    0x080016f0   0x080016f0   0x00000020   Code   RO           28    .text.fputc         main.o
    0x08001710   0x08001710   0x00000328   Code   RO           24    .text.main          main.o
    0x08001a38   0x08001a38   0x00000020   Code   RO         1166    i.__0printf$6       mc_p.l(printf6.o)
    0x08001a58   0x08001a58   0x0000000e   Code   RO         1324    i.__scatterload_copy  mc_p.l(handlers.o)
    0x08001a66   0x08001a66   0x00000002   Code   RO         1325    i.__scatterload_null  mc_p.l(handlers.o)
    0x08001a68   0x08001a68   0x0000000e   Code   RO         1326    i.__scatterload_zeroinit  mc_p.l(handlers.o)
    0x08001a76   0x08001a76   0x00000002   PAD
    0x08001a78   0x08001a78   0x00000304   Code   RO         1173    i._printf_core      mc_p.l(printf6.o)
    0x08001d7c   0x08001d7c   0x00000020   Code   RO         1174    i._printf_post_padding  mc_p.l(printf6.o)
    0x08001d9c   0x08001d9c   0x0000002c   Code   RO         1175    i._printf_pre_padding  mc_p.l(printf6.o)
    0x08001dc8   0x08001dc8   0x00000020   Data   RO          544    .rodata.AHBPrescTable  hk32f0301mxxc_rcc.o
    0x08001de8   0x08001de8   0x00000008   Data   RO          545    .rodata.APBPrescTable  hk32f0301mxxc_rcc.o
    0x08001df0   0x08001df0   0x00000023   Data   RO           54    .rodata.LCD_NumPos  main.o
    0x08001e13   0x08001e13   0x0000020a   Data   RO           55    .rodata.str1.1      main.o
    0x0800201d   0x0800201d   0x00000003   PAD
    0x08002020   0x08002020   0x00000020   Data   RO         1323    Region$$Table       anon$$obj.o


    Execution Region RW_IRAM1 (Exec base: 0x20000000, Load base: 0x08002040, Size: 0x00000280, Max: 0x00001000, ABSOLUTE)

    Exec Addr    Load Addr    Size         Type   Attr      Idx    E Section Name        Object

    0x20000000   0x08002040   0x00000004   Data   RW         1286    .data               mc_p.l(stdout.o)
    0x20000004   0x08002044   0x0000003c   Data   RW           57    .data..L_MergedGlobals  main.o
    0x20000040   0x08002080   0x0000000c   Data   RW          931    .data..L_MergedGlobals  hk32f0301mf4p7c_eval.o
    0x2000004c   0x0800208c   0x00000004   Data   RW            6    .data.SystemCoreClock  system_hk32f0301mxxc.o
    0x20000050        -       0x0000002a   Zero   RW           58    .bss..L_MergedGlobals.24  main.o
    0x2000007a   0x08002090   0x00000006   PAD
    0x20000080        -       0x00000200   Zero   RW           14    STACK               keil_startup_hk32f0301mxxc.o


==============================================================================

Image component sizes


      Code (inc. data)   RO Data    RW Data    ZI Data      Debug   Object Name

       116          8          0         12          0       6828   hk32f0301mf4p7c_eval.o
       428          8          0          0          0       6797   hk32f0301mxxc_gpio.o
         8          0          0          0          0        598   hk32f0301mxxc_it.o
       348         36         40          0          0      11089   hk32f0301mxxc_rcc.o
       344         44          0          0          0      28442   hk32f0301mxxc_tim.o
       226         16          0          0          0       7553   hk32f0301mxxc_uart.o
        28          8        192          0        512        708   keil_startup_hk32f0301mxxc.o
      4460        464        557         60         42      21217   main.o
       400         36          0          4          0       3430   system_hk32f0301mxxc.o

    ----------------------------------------------------------------------
      6364        620        824         76        560      86662   Object Totals
         0          0         32          0          0          0   (incl. Generated)
         6          0          3          0          6          0   (incl. Padding)

    ----------------------------------------------------------------------

      Code (inc. data)   RO Data    RW Data    ZI Data      Debug   Library Member Name

         0          0          0          0          0          0   entry.o
         0          0          0          0          0          0   entry10a.o
         0          0          0          0          0          0   entry11a.o
         8          4          0          0          0          0   entry2.o
         4          0          0          0          0          0   entry5.o
         0          0          0          0          0          0   entry7b.o
         0          0          0          0          0          0   entry8b.o
         8          4          0          0          0          0   entry9a.o
        30          0          0          0          0          0   handlers.o
        36          8          0          0          0         68   init.o
        36          0          0          0          0        100   memseta.o
       880         12          0          0          0        324   printf6.o
         0          0          0          4          0          0   stdout.o
        62          0          0          0          0         72   uidiv_div0.o

    ----------------------------------------------------------------------
      1068         28          0          4          0        564   Library Totals
         4          0          0          0          0          0   (incl. Padding)

    ----------------------------------------------------------------------

      Code (inc. data)   RO Data    RW Data    ZI Data      Debug   Library Name

      1064         28          0          4          0        564   mc_p.l

    ----------------------------------------------------------------------
      1068         28          0          4          0        564   Library Totals

    ----------------------------------------------------------------------

==============================================================================


      Code (inc. data)   RO Data    RW Data    ZI Data      Debug   

      7432        648        824         80        560      87062   Grand Totals
      7432        648        824         80        560      87062   ELF Image Totals
      7432        648        824         80          0          0   ROM Totals

==============================================================================

    Total RO  Size (Code + RO Data)                 8256 (   8.06kB)
    Total RW  Size (RW Data + ZI Data)               640 (   0.63kB)
    Total ROM Size (Code + RO Data + RW Data)       8336 (   8.14kB)

==============================================================================

